recovery test (tech): 12 free parameters, started 2026-10-02T19:39:06.348
targets: /srv/project/speech/apps/Structural-estimation/temp/2026-10-02_memo19_merge/output/smm_runs/2026-10-02_193217_281837_targets/targets.toml  (composition: DATA (target file); wage loading: ANCHORED (sd(log AFQT) = 0.2, provisional; lnw0 = 1.755929725341381); code 5b5e361-dirty)
Q at the truth = 0.000e+00  (must be 0: common random numbers)
Q at the displaced start = 19458.6
  eval    50  best Q 12523.4  (3.7 min)
  eval   100  best Q 3596.75  (7.7 min)
  eval   150  best Q 121.526  (11.5 min)
  eval   200  best Q 105.108  (15.3 min)
  eval   250  best Q 103.885  (19.1 min)
  eval   300  best Q 103.882  (23.3 min)
stage LN_BOBYQA: SUCCESS, Q 103.882 after 330 evaluations in total
  eval   350  best Q 91.9103  (27.0 min)
  eval   400  best Q 56.4728  (31.1 min)
  eval   450  best Q 20.8213  (35.4 min)
  eval   500  best Q 11.7231  (39.5 min)
  eval   550  best Q 8.95193  (43.6 min)
  eval   600  best Q 7.03572  (47.8 min)
  eval   650  best Q 4.77268  (52.0 min)
  eval   700  best Q 4.64504  (56.2 min)
  eval   750  best Q 4.2422  (60.4 min)
  eval   800  best Q 4.08887  (64.7 min)
  eval   850  best Q 3.94873  (68.9 min)
  eval   900  best Q 3.91834  (73.1 min)
  eval   950  best Q 3.76266  (77.3 min)
  eval  1000  best Q 3.70827  (81.6 min)
  eval  1050  best Q 3.69395  (85.8 min)
  eval  1100  best Q 3.68066  (90.0 min)
  eval  1150  best Q 3.67042  (94.2 min)
  eval  1200  best Q 3.65912  (98.5 min)
  eval  1250  best Q 3.64713  (102.7 min)
  eval  1300  best Q 3.64135  (106.9 min)
stage LN_NELDERMEAD: MAXEVAL_REACHED, Q 3.64019 after 1330 evaluations in total

parameter        truth      start   estimate   |error| % of box
sigma_1_0        -0.6309    -0.8809    -0.7938     3.26
sigma_1_1        -0.1153    -0.0903    -0.1059     1.89
sigma_2_0        -7.1540    -7.7040    -7.3124     1.44
sigma_2_1         0.0720     0.0420     0.0823     1.72
sigma_3_0        -0.2448    -0.0948    -0.2100     1.16
sigma_3_1         0.0050    -0.0050     0.0042     0.42
sigma_4_0        -6.5980    -6.0480    -6.7577     1.45
sigma_4_1         0.2710     0.3110     0.2803     1.16
d_0               4.1095     3.6100     3.6547     4.55
d_1               4.5320     4.0325     3.9664     5.66
d_2               2.0000     2.4000     3.0984    13.73
d_3               2.8784     0.8784     1.8074     2.68

Q: start 19458.6 -> end 3.64019 after 1330 evaluations, 109.4 min. Worst parameter error 13.73% of its box.
RESULT: NOT RECOVERED by that criterion -- read the table above
