Reproducing saved winner
Baseline Q=0.2500261422642604; handoff=(assets_min = 10.064450990150494, assets_mean = 37.08583110668868, assets_max = 254.03328699765342, hc_min = 488.82606075506374, hc_mean = 525.8976907782243, hc_max = 553.9049244891588, bc_share = 0.3045, bc_constant = true)
Evaluating 25 controlled probes on four processes; no parameters are optimized
R_1=-1.0 Q=0.4386310469900696 delta=0.1886049047258092 invalid=0
R_1=-0.5 Q=0.28556986066520035 delta=0.03554371840093995 invalid=0
R_1=0.5 Q=0.29827908795807584 delta=0.04825294569381544 invalid=0
R_1=1.0 Q=0.4081635320880598 delta=0.15813738982379938 invalid=0
sigma_4_1=0.0 Q=0.3065049643906979 delta=0.05647882212643751 invalid=0
sigma_4_1=0.01 Q=0.27714263380502696 delta=0.027116491540766563 invalid=0
sigma_4_1=0.03 Q=0.2261788558909988 delta=-0.02384728637326161 invalid=0
sigma_4_1=0.04 Q=0.2068501625723273 delta=-0.0431759796919331 invalid=0
sigma_4_1=0.08 Q=0.20483575973102383 delta=-0.04519038253323657 invalid=0
sigma_4_1=0.12 Q=0.44745271729511865 delta=0.19742657503085825 invalid=0
mu_1=-0.06 Q=0.4417135102182462 delta=0.19168736795398578 invalid=0
mu_1=-0.05 Q=0.3053768305199961 delta=0.05535068825573569 invalid=0
mu_1=-0.03 Q=0.3526270595899851 delta=0.10260091732572468 invalid=0
mu_1=-0.02 Q=0.8977180216954683 delta=0.6476918794312079 invalid=0
sigma_1_0=-0.2 Q=0.25082544169082543 delta=0.0007992994265650366 invalid=0
sigma_1_0=-0.15 Q=0.2578873049517023 delta=0.007861162687441914 invalid=0
sigma_2_1=-0.05 Q=0.24999357256321775 delta=-3.256970104265067e-5 invalid=0
sigma_2_1=-0.075 Q=0.3001745167258385 delta=0.050148374461578105 invalid=0
sigma_2_1=-0.1 Q=0.45955952200154326 delta=0.20953337973728287 invalid=0
sigma_4_0=-6.0 Q=0.25025439986169334 delta=0.00022825759743294594 invalid=0
sigma_4_0=-6.2 Q=0.2950838186960587 delta=0.04505767643179831 invalid=0
sigma_4_0=-6.5 Q=0.4540656041502977 delta=0.20403946188603728 invalid=0
study_pivot_slope=0.04 Q=0.20399837748351327 delta=-0.04602776478074713 invalid=0
study_pivot_slope=0.08 Q=0.1403453753154969 delta=-0.1096807669487635 invalid=0
study_pivot_slope=0.12 Q=0.10770805321749687 delta=-0.14231808904676352 invalid=0
DONE
