
============================================================================
SMM: 20 parameters (15 parent + 5 child) against 67 moments (2 P + 59 S + 5 T + 1 W)   [QUICK -- smoke test, not an estimate]
============================================================================
started    2026-10-02 21:49:43
host       haflinger.ceu.edu
machine    112 cores, 503 GB RAM, load average 46.6
workers    0 (--serial: everything on the master, for debugging)
purpose    custom -- no preset: settings as given
budget     5 VALID Sobol draws (at most 400 attempts), 5 restarts (<= 60 evals each, polish SKIPPED)
grids      Na=Nhc=12 for both the search and the report
writing to ../2026-10-02_memo19_merge/output/diagnostics/2026-10-02_tiktak23_integration/runs/run_resume
           (also reachable as ../2026-10-02_memo19_merge/output/diagnostics/2026-10-02_tiktak23_integration/runs/latest -- tail that, no timestamp needed)
running on 1 process(es): 1 master + 0 worker(s); Julia threads per process 1, BLAS threads 1
loading the model on every process ... 5.6s

============================================================================
RESUMING
============================================================================
continuing ../2026-10-02_memo19_merge/output/diagnostics/2026-10-02_tiktak23_integration/runs/run_resume from restart 3 of 5 (checkpoint status paused, stage local)
incumbent from the checkpoint: Q = 32745.3 (at grid 12)
The pre-testing stage is skipped: the seeds, the incumbent with its origin and every
committed restart are reloaded from tiktak_state.toml; restarts still in flight are replayed
from their recorded starts. How the result relates to an uninterrupted run is recorded as
resume_semantics (serial_exact only if every segment was serial and nothing was replayed).
warming the child solve on every process ... 17.3s (all processes at once)

============================================================================
Targets  (../2026-10-02_memo19_merge/output/diagnostics/2026-10-02_tiktak23_integration/runs/run_resume/targets.toml)
============================================================================
67 moments, 20 parameters -- 47 more moments than parameters (the weights matter at a misfit)
(a count is not identification, and says nothing about the attainable Q: see the fit table and tools/check_jacobian_rank.jl)
parameters: phi_2, phi_3, lambda_2, sigma_1_0, sigma_1_1, sigma_2_0, sigma_2_1, sigma_3_0, sigma_3_1, sigma_4_0, sigma_4_1, d_0, d_1, d_2, d_3, kappa_0, kappa_theta, kappa_ParEd, kappa_terminal, sigma_eps
moment                               mean           se        N   source
mean_c_p                           4.1186       0.0507     6742   Consumption incl. housing minus money investment - p99 cap - equal-age mean 1-17
mean_h_p                           0.3073       0.0022    15665   Work hours per parent / 112 - equal-age mean 1-17
S1_mean_LW_age3                    5.0909       0.4942       44   Mean raw LW at age 3
S1_mean_LW_age4                    6.7603       0.3330      121   Mean raw LW at age 4
S1_mean_LW_age5                   10.2483       0.4599      145   Mean raw LW at age 5
S1_mean_LW_age6                   17.2917       0.5777      168   Mean raw LW at age 6
S1_mean_LW_age7                   27.7351       0.7065      151   Mean raw LW at age 7
S1_mean_LW_age8                   34.1067       0.4982      178   Mean raw LW at age 8
S1_mean_LW_age9                   38.8243       0.5219      148   Mean raw LW at age 9
S1_mean_LW_age10                  42.4483       0.3917      174   Mean raw LW at age 10
S1_mean_LW_age11                  44.5721       0.4114      208   Mean raw LW at age 11
S1_mean_LW_age12                  45.8342       0.3835      193   Mean raw LW at age 12
S1_mean_LW_age13                  47.0055       0.4067      183   Mean raw LW at age 13
S1_mean_LW_age14                  47.9933       0.3926      150   Mean raw LW at age 14
S1_mean_LW_age15                  49.3588       0.3573      170   Mean raw LW at age 15
S1_mean_LW_age16                  49.8944       0.4102      161   Mean raw LW at age 16
S1_mean_LW_age17                  49.9535       0.3909      172   Mean raw LW at age 17
S3_sd_LW_3_17                     15.4734       0.1880     2366   SD of raw LW at ages 3-17
S3_sd_LW_3_7                      10.4126       0.3126      629   SD of raw LW at ages 3-7
S3_sd_LW_8_11                      7.1633       0.2034      708   SD of raw LW at ages 8-11
S3_sd_LW_12_17                     5.1927       0.1972     1029   SD of raw LW at ages 12-17
S4_mean_dLW_base3_7               28.0469       0.4550      405   Mean 5-year change in raw LW - base age 3-7
S4_mean_dLW_base8_12               8.0739       0.2176      555   Mean 5-year change in raw LW - base age 8-12
S5_corr_LW_LWt5_base3_12           0.6490       0.0173      960   corr of LW now and 5 years later - base age 3-12
S5_corr_LW_LWt5_base3_7            0.4733       0.0332      405   corr of LW now and 5 years later - base age 3-7
S5_corr_LW_LWt5_base8_12           0.7168       0.0204      555   corr of LW now and 5 years later - base age 8-12
S6_corr_taup_LW_3_17              -0.3709       0.0220     2366   corr of active parental time and LW - ages 3-17
S6_corr_tauc_LW_6_17               0.2216       0.0179     2028   corr of own study time and LW - ages 6-17
S6_corr_ep_LW_3_17                 0.1013       0.0369      610   corr of money and LW - ages 3-17 - one-child families
S7_corr_taup_dLW_base3_12          0.3372       0.0313      960   corr of parental time and 5-year LW change - base age 3-12
S7_corr_taup_dLW_base3_7           0.3168       0.0412      405   corr of parental time and 5-year LW change - base age 3-7
S7_corr_taup_dLW_base8_12          0.0732       0.0418      555   corr of parental time and 5-year LW change - base age 8-12
S7_corr_tauc_dLW_base6_12         -0.2210       0.0293      769   corr of own study and 5-year LW change - base age 6-12
S7_corr_tauc_dLW_base6_7          -0.2046       0.0637      225   corr of own study and 5-year LW change - base age 6-7
S7_corr_tauc_dLW_base8_12         -0.1039       0.0374      544   corr of own study and 5-year LW change - base age 8-12
S7_corr_ep_dLW_base3_12            0.1388       0.0726      203   corr of money and 5-year LW change - base age 3-12 - one-child
S7_corr_ep_dLW_base3_7             0.1092       0.0805       95   corr of money and 5-year LW change - base age 3-7 - one-child
S7_corr_ep_dLW_base8_12           -0.0601       0.0723      108   corr of money and 5-year LW change - base age 8-12 - one-child
S8_mean_taup_3_5                   0.3420       0.0065      564   Mean active parental time / 112 - ages 3-5
S8_sd_taup_3_5                     0.1442       0.0041      564   SD of active parental time / 112 - ages 3-5
S8_mean_taup_6_8                   0.2397       0.0042      628   Mean active parental time / 112 - ages 6-8
S8_sd_taup_6_8                     0.1015       0.0033      628   SD of active parental time / 112 - ages 6-8
S8_mean_taup_9_12                  0.2152       0.0039      905   Mean active parental time / 112 - ages 9-12
S8_sd_taup_9_12                    0.1094       0.0033      905   SD of active parental time / 112 - ages 9-12
S8_mean_taup_13_17                 0.1619       0.0042      979   Mean active parental time / 112 - ages 13-17
S8_sd_taup_13_17                   0.1219       0.0063      979   SD of active parental time / 112 - ages 13-17
S8_mean_ep_3_5                     0.3035       0.0226      478   Mean money / 10000 - ages 3-5 - one-child - PSID years
S8_sd_ep_3_5                       0.4258       0.0304      478   SD of money / 10000 - ages 3-5 - one-child - PSID years
S8_mean_ep_6_8                     0.3000       0.0289      326   Mean money / 10000 - ages 6-8 - one-child - PSID years
S8_sd_ep_6_8                       0.4842       0.0484      326   SD of money / 10000 - ages 6-8 - one-child - PSID years
S8_mean_ep_9_12                    0.2908       0.0327      478   Mean money / 10000 - ages 9-12 - one-child - PSID years
S8_sd_ep_9_12                      0.5955       0.0864      478   SD of money / 10000 - ages 9-12 - one-child - PSID years
S8_mean_ep_13_17                   0.4814       0.0372     1304   Mean money / 10000 - ages 13-17 - one-child - PSID years
S8_sd_ep_13_17                     0.9587       0.0766     1304   SD of money / 10000 - ages 13-17 - one-child - PSID years
S8_mean_tauc_6_8                   0.0294       0.0012      616   Mean own study time / 112 - ages 6-8
S8_sd_tauc_6_8                     0.0295       0.0012      616   SD of own study time / 112 - ages 6-8
S8_mean_tauc_9_12                  0.0453       0.0016      893   Mean own study time / 112 - ages 9-12
S8_sd_tauc_9_12                    0.0444       0.0016      893   SD of own study time / 112 - ages 9-12
S8_mean_tauc_13_17                 0.0557       0.0024      968   Mean own study time / 112 - ages 13-17
S8_sd_tauc_13_17                   0.0662       0.0027      968   SD of own study time / 112 - ages 13-17
S9_mean_ep_over_Y_3_17             0.0391       0.0023     2543   Mean money / parents pre-tax labour income - ages 3-17 - one-child
k0_complete                        0.3425       0.0131     2213   Share with a BA at the first TAS wave at age 25 or 26
kpe_bc0_c                          0.2991       0.0149     1314   BA share - BothCollege = 0 - both parents 16+ years from IND2023ER
kpe_bc1_c                          0.7971       0.0244      350   BA share - BothCollege = 1
kth_lw17_gap                       3.3484       0.5532      253   Mean raw LW at 17 - BA minus no BA
m_eps                              0.1922       0.0149      187   Residual variance RSS/(N-3) of BA on BothCollege and raw LW at 17 - no centring
kterm_med22                       15.6230       1.2942      327   Median family net worth incl. home - first-child ages 21-22 - fathers 25-27 at first birth

settings written to ../2026-10-02_memo19_merge/output/diagnostics/2026-10-02_tiktak23_integration/runs/run_resume/run_record.toml  (status = started)
initial point
  phi_2              0.196278   (smm_start)
  phi_3               1.53373   (smm_start)
  lambda_2             13.862   (smm_start)
  sigma_1_0          -0.59461   (smm_start)
  sigma_1_1         -0.115348   (smm_start)
  sigma_2_0            -7.154   (smm_start)
  sigma_2_1             0.072   (smm_start)
  sigma_3_0            -0.254   (smm_start)
  sigma_3_1             0.005   (smm_start)
  sigma_4_0            -6.598   (smm_start)
  sigma_4_1             0.271   (smm_start)
  d_0                     5.6   (smm_start)
  d_1                     5.6   (smm_start)
  d_2                       1   (smm_start)
  d_3                     5.3   (smm_start)
  kappa_0           -0.356591   (smm_start)
  kappa_theta       -0.182563   (smm_start)
  kappa_ParEd       -0.108108   (smm_start)
  kappa_terminal      8.78678   (smm_start)
  sigma_eps           1.14224   (smm_start)
  sigma_eta                 0   (FIXED, not estimated: DFVW's technology is deterministic)
timing one objective evaluation ... 22.3s (a second evaluation at the same point: 2.1s; the projection uses the second, the first includes compilation)
start Q (full precision) = 1.0e12   [smm_start start, sha a601bf809cc1a5ce]

projected runtime -- scenarios, not a deadline (a driver's timeout is the enforced limit)
  one evaluation took 2.1 s (the second on the master, after compilation; workers under load can be slower)
  stage                 cap   empirical
  pre-testing       0.2 min          --   6 evals on 1 worker(s), at least (valid-draw target)
  local stage      10.7 min          --   5 restarts, serial, on the master; at the cap 5 round(s) of 2.1 min
  polish            0.0 min          --   skipped
  total            10.9 min          --   
  core-hours            0/0          --   busy / held: an idle worker holds a core without loading the machine
  cap: every restart uses its 60 evaluations (+1 for its start) and the polish its 0
  empirical: none given (--runtime-evals with the per-restart counts of a compatible run, e.g. mu08: 500,500,500,423,268)
  (resuming: part of this is already done)

============================================================================
Incumbent calibration
============================================================================
Q = 1000000000000.000000
(resuming: fit table skipped, see the original run's log)

============================================================================
TikTak search
============================================================================
  restart   3/5    eval     1   this Q   83979.0433   best Q   32745.3461     0.1 min
  restart   3/5    eval     2   this Q   94558.7940   best Q   32745.3461     0.1 min
  restart   3/5    eval     4   this Q   80900.7193   best Q   32745.3461     0.2 min
  restart   3/5    eval     6   this Q   85004.5412   best Q   32745.3461     0.3 min
  restart   3/5    eval     8   this Q   76776.9286   best Q   32745.3461     0.3 min
  restart   3/5    eval    11   this Q  209648.9285   best Q   32745.3461     0.4 min
  restart   3/5    eval    12   this Q  145344.1410   best Q   32745.3461     0.4 min
  restart   3/5    eval    14   this Q   61416.1977   best Q   32745.3461     0.5 min
  restart   3/5    eval    16   this Q   65632.1538   best Q   32745.3461     0.5 min
  restart   3/5    eval    17   this Q   63148.8249   best Q   32745.3461     0.6 min
  restart   3/5    eval    18   this Q   61416.1892   best Q   32745.3461     0.6 min
  restart   3/5    eval    19   this Q   61848.2302   best Q   32745.3461     0.6 min
  restart   3/5    eval    20   this Q   60506.0867   best Q   32745.3461     0.7 min
  restart   3/5    eval    21   this Q   60321.1785   best Q   32745.3461     0.7 min
  restart   3/5    eval    23   this Q  125260.1656   best Q   32745.3461     0.8 min
  restart   3/5    eval    25   this Q   83546.2502   best Q   32745.3461     0.8 min
  restart   3/5    eval    28   this Q   33712.2191   best Q   32745.3461     0.9 min
  restart   3/5    eval    30   this Q   51774.0610   best Q   32745.3461     0.9 min
  restart   3/5    eval    31   this Q   80135.5540   best Q   32745.3461     1.0 min
  restart   3/5    eval    33   this Q  114643.2129   best Q   32745.3461     1.0 min
  restart   3/5    eval    35   this Q  125225.0155   best Q   32745.3461     1.1 min
  restart   3/5    eval    37   this Q  101906.0459   best Q   32745.3461     1.2 min
  restart   3/5    eval    38   this Q   73610.5126   best Q   32745.3461     1.2 min
  restart   3/5    eval    39   this Q   55870.1041   best Q   32745.3461     1.2 min
  restart   3/5    eval    40   this Q  106739.0402   best Q   32745.3461     1.3 min
  restart   3/5    eval    42   this Q   83682.8165   best Q   32745.3461     1.3 min
  restart   3/5    eval    43   this Q   54524.2424   best Q   32745.3461     1.4 min
  restart   3/5    eval    45   this Q   50258.5095   best Q   32745.3461     1.4 min
  restart   3/5    eval    47   this Q   49021.7354   best Q   32745.3461     1.5 min
  restart   3/5    eval    48   this Q   62929.9110   best Q   32745.3461     1.5 min
  restart   3/5    eval    49   this Q   71962.0933   best Q   32745.3461     1.6 min
  restart   3/5    eval    50   this Q   49603.0330   best Q   32745.3461     1.6 min
  restart   3/5    eval    52   this Q   51948.7603   best Q   32745.3461     1.7 min
  restart   3/5    eval    54   this Q   77062.3093   best Q   32745.3461     1.7 min
  restart   3/5    eval    55   this Q   56522.4829   best Q   32745.3461     1.8 min
  restart   3/5    eval    56   this Q   43979.7741   best Q   32745.3461     1.8 min
  restart   3/5    eval    58   this Q   42116.9081   best Q   32745.3461     1.9 min
  restart   3/5    eval    60   this Q   39725.2743   best Q   32745.3461     1.9 min
  restart   3/5   DONE  MAXEVAL_REACHED  start Q   83979.0433   end Q   33712.2191   incumbent   32745.3461     2.0 min, ~1 min left
  restart   4/5    eval     1   this Q   54385.9750   best Q   32745.3461     2.0 min
  restart   4/5    eval     3   this Q   54261.0261   best Q   32745.3461     2.0 min
  restart   4/5    eval     5   this Q   54837.0444   best Q   32745.3461     2.1 min
  restart   4/5    eval     7   this Q   54602.9567   best Q   32745.3461     2.2 min
  restart   4/5    eval    11   this Q  108374.9114   best Q   32745.3461     2.2 min
  restart   4/5    eval    13   this Q   54581.7714   best Q   32745.3461     2.3 min
  restart   4/5    eval    15   this Q   48861.0893   best Q   32745.3461     2.3 min
  restart   4/5    eval    17   this Q   49601.0568   best Q   32745.3461     2.4 min
  restart   4/5    eval    19   this Q   49417.0974   best Q   32745.3461     2.4 min
  restart   4/5    eval    21   this Q   48106.1346   best Q   32745.3461     2.5 min
  restart   4/5    eval    23   this Q  119273.6567   best Q   32745.3461     2.6 min
  restart   4/5    eval    26   this Q   87763.4768   best Q   32745.3461     2.6 min
  restart   4/5    eval    28   this Q   32051.7412   best Q   32051.7412     2.7 min
  restart   4/5    eval    31   this Q   69700.0476   best Q   32051.7412     2.7 min
  restart   4/5    eval    33   this Q   41413.8996   best Q   32051.7412     2.8 min
  restart   4/5    eval    35   this Q   47031.4767   best Q   32051.7412     2.8 min
  restart   4/5    eval    37   this Q   53440.8519   best Q   32051.7412     2.9 min
  restart   4/5    eval    38   this Q   40805.8815   best Q   32051.7412     2.9 min
  restart   4/5    eval    40   this Q   41771.2961   best Q   32051.7412     3.0 min
  restart   4/5    eval    42   this Q   37878.0541   best Q   32051.7412     3.1 min
  restart   4/5    eval    44   this Q   36625.2313   best Q   32051.7412     3.1 min
  restart   4/5    eval    46   this Q   33315.9241   best Q   32051.7412     3.2 min
  restart   4/5    eval    47   this Q   37772.7245   best Q   32051.7412     3.2 min
  restart   4/5    eval    49   this Q   30894.6583   best Q   30894.6583     3.3 min
  restart   4/5    eval    51   this Q   29856.6818   best Q   28503.4783     3.4 min
  restart   4/5    eval    53   this Q   28091.4590   best Q   28091.4590     3.4 min
  restart   4/5    eval    55   this Q   27541.9075   best Q   27541.9075     3.5 min
  restart   4/5    eval    57   this Q   27919.8554   best Q   27541.9075     3.5 min
  restart   4/5    eval    58   this Q   38180.9259   best Q   27541.9075     3.6 min
  restart   4/5    eval    60   this Q   30840.4369   best Q   22677.4543     3.6 min
  restart   4/5   DONE  MAXEVAL_REACHED  start Q   54385.9750   end Q   22677.4543   incumbent   22677.4543     3.6 min, ~1 min left
  restart   5/5    eval     2   this Q   36098.7589   best Q   22677.4543     3.7 min
  restart   5/5    eval     4   this Q   24163.8088   best Q   22677.4543     3.7 min
  restart   5/5    eval     6   this Q   15613.6184   best Q   15613.6184     3.8 min
  restart   5/5    eval     8   this Q   15320.4866   best Q   15320.4866     3.9 min
  restart   5/5    eval    11   this Q  104534.5127   best Q   15320.4866     3.9 min
  restart   5/5    eval    13   this Q   15443.3616   best Q   15320.4866     4.0 min
  restart   5/5    eval    15   this Q   14863.0682   best Q   14862.6144     4.0 min
  restart   5/5    eval    17   this Q   14677.1759   best Q   14677.1759     4.1 min
  restart   5/5    eval    18   this Q   14627.6428   best Q   14627.6428     4.1 min
  restart   5/5    eval    19   this Q   14592.9017   best Q   14592.9017     4.2 min
  restart   5/5    eval    20   this Q   14585.8255   best Q   14585.8255     4.2 min
  restart   5/5    eval    21   this Q   14523.7944   best Q   14523.7944     4.2 min
  restart   5/5    eval    23   this Q   94891.3414   best Q   14523.7944     4.3 min
  restart   5/5    eval    24   this Q   23748.9853   best Q   14523.7944     4.3 min
  restart   5/5    eval    27   this Q   25682.0877   best Q   14523.7944     4.4 min
  restart   5/5    eval    31   this Q   24499.1477   best Q   14523.7944     4.5 min
  restart   5/5    eval    32   this Q   30008.8224   best Q   14523.7944     4.5 min
  restart   5/5    eval    35   this Q   22194.6903   best Q   14523.7944     4.6 min
  restart   5/5    eval    37   this Q   17374.0780   best Q   14523.7944     4.7 min
  restart   5/5    eval    38   this Q   43047.3540   best Q   14523.7944     4.7 min
  restart   5/5    eval    41   this Q   18645.4397   best Q   14523.7944     4.7 min
  restart   5/5    eval    42   this Q   21479.4579   best Q   14523.7944     4.8 min
  restart   5/5    eval    43   this Q   45887.6702   best Q   14523.7944     4.8 min
  restart   5/5    eval    44   this Q   19253.2960   best Q   14523.7944     4.9 min
  restart   5/5    eval    45   this Q   28215.4776   best Q   14523.7944     4.9 min
  restart   5/5    eval    47   this Q   33991.5145   best Q   14523.7944     5.0 min
  restart   5/5    eval    49   this Q   16762.0703   best Q   14523.7944     5.0 min
  restart   5/5    eval    51   this Q   17110.9427   best Q   14523.7944     5.1 min
  restart   5/5    eval    53   this Q   20378.9893   best Q   14523.7944     5.2 min
  restart   5/5    eval    55   this Q   29134.4413   best Q   14523.7944     5.2 min
  restart   5/5    eval    58   this Q   16148.0495   best Q   14523.7944     5.3 min
  restart   5/5    eval    60   this Q   19194.8064   best Q   14523.7944     5.4 min
  restart   5/5   DONE  MAXEVAL_REACHED  start Q   22792.7354   end Q   14523.7944   incumbent   14523.7944     5.4 min, ~0 min left

============================================================================
Finished in 5.4 min -- 408 evaluations
============================================================================
Q: sobol-best 164056  ->  pre-polish 14523.8  ->  final 14523.8
pre-testing: 108 Sobol draws in the pool -- 5 valid, 103 penalised, 0 non-finite, 0 discarded; 1 supplied (0 valid)
             stop: valid_target (target 5 valid: reached); 0 values reused from a cache, 0 draws evaluated past the pool
restarts: 5 requested, 5 effective (the schedule denominator)
incumbent Q was 1e+12  (improvement 100.0%)

how the local searches ended
  MAXEVAL_REACHED            5   (limit)
                             0 converged / 5 hit a budget / 0 other
polish: SKIPPED by --skip-polish (0 evaluations); the pre-polish point is final

!! 5 of 5 restarts stopped on a BUDGET, not a convergence test.
   Raise --local-evals, or read the trace before quoting this as a minimum.

search ran at the full grid -- no refinement stage needed

penalised evaluations: 21 of 408 (5.1%)
  infeasible_elasticity        18
  invalid_sim_child_nonfinite      3
(a penalised draw is a parameter vector the model cannot be solved at --
 scored SMM_PENALTY = 1.0e12 rather than crashed on. A high rate means the SEARCH BOX is
 too wide, not that the model is wrong.)

============================================================================
Estimated calibration
============================================================================

Parameters
--------------------------------------------------------------
  phi_2              1.0424   (start 0.1963)
  phi_3              4.4392   (start 1.5337)
  lambda_2          33.7213   (start 13.8620)
  sigma_1_0         -1.4222   (start -0.5946)
  sigma_1_1         -0.2535   (start -0.1153)
  sigma_2_0         -8.5217   (start -7.1540)
  sigma_2_1          0.2547   (start 0.0720)
  sigma_3_0         -1.0322   (start -0.2540)
  sigma_3_1          0.0535   (start 0.0050)
  sigma_4_0         -7.2478   (start -6.5980)
  sigma_4_1          0.0435   (start 0.2710)
  d_0                6.6951   (start 5.6000)
  d_1                9.9137   (start 5.6000)
  d_2                3.8999   (start 1.0000)
  d_3                1.2383   (start 5.3000)
  kappa_0            0.9502   (start -0.3566)
  kappa_theta       -0.0039   (start -0.1826)
  kappa_ParEd       -0.5437   (start -0.1081)
  kappa_terminal    37.1939   (start 8.7868)
  sigma_eps          1.8606   (start 1.1422)

Targeted moments -- 67 moments, 20 parameters
----------------------------------------------------------------------------------------------------
  moment                             model        data         t  Q share   measure
  ------------------------------ block P ------------------------------
  mean_c_p                          2.2025      4.1186     -37.8     9.8%   Consumption incl. housing minus money investme
  mean_h_p                          0.2760      0.3073     -14.2     1.4%   Work hours per parent / 112 - equal-age mean 1
  ------------------------------ block S ------------------------------
  S1_mean_LW_age3                   9.2422      5.0909       8.4     0.5%   Mean raw LW at age 3
  S1_mean_LW_age4                  13.2188      6.7603      19.4     2.6%   Mean raw LW at age 4
  S1_mean_LW_age5                  16.5656     10.2483      13.7     1.3%   Mean raw LW at age 5
  S1_mean_LW_age6                  19.7273     17.2917       4.2     0.1%   Mean raw LW at age 6
  S1_mean_LW_age7                  22.5710     27.7351      -7.3     0.4%   Mean raw LW at age 7
  S1_mean_LW_age8                  25.6977     34.1067     -16.9     2.0%   Mean raw LW at age 8
  S1_mean_LW_age9                  29.2503     38.8243     -18.3     2.3%   Mean raw LW at age 9
  S1_mean_LW_age10                 33.2481     42.4483     -23.5     3.8%   Mean raw LW at age 10
  S1_mean_LW_age11                 37.6068     44.5721     -16.9     2.0%   Mean raw LW at age 11
  S1_mean_LW_age12                 42.1351     45.8342      -9.6     0.6%   Mean raw LW at age 12
  S1_mean_LW_age13                 46.5120     47.0055      -1.2     0.0%   Mean raw LW at age 13
  S1_mean_LW_age14                 50.3446     47.9933       6.0     0.2%   Mean raw LW at age 14
  S1_mean_LW_age15                 53.3040     49.3588      11.0     0.8%   Mean raw LW at age 15
  S1_mean_LW_age16                 55.2592     49.8944      13.1     1.2%   Mean raw LW at age 16
  S1_mean_LW_age17                 56.3306     49.9535      16.3     1.8%   Mean raw LW at age 17
  S3_sd_LW_3_17                    14.6975     15.4734      -4.1     0.1%   SD of raw LW at ages 3-17
  S3_sd_LW_3_7                      5.2889     10.4126     -16.4     1.8%   SD of raw LW at ages 3-7
  S3_sd_LW_8_11                     5.9021      7.1633      -6.2     0.3%   SD of raw LW at ages 8-11
  S3_sd_LW_12_17                    5.6439      5.1927       2.3     0.0%   SD of raw LW at ages 12-17
  S4_mean_dLW_base3_7              19.5559     28.0469     -18.7     2.4%   Mean 5-year change in raw LW - base age 3-7
  S4_mean_dLW_base8_12             19.6798      8.0739      53.3    19.6%   Mean 5-year change in raw LW - base age 8-12
  S5_corr_LW_LWt5_base3_12          0.8369      0.6490      10.8     0.8%   corr of LW now and 5 years later - base age 3-
  S5_corr_LW_LWt5_base3_7           0.5475      0.4733       2.2     0.0%   corr of LW now and 5 years later - base age 3-
  S5_corr_LW_LWt5_base8_12          0.6296      0.7168      -4.3     0.1%   corr of LW now and 5 years later - base age 8-
  S6_corr_taup_LW_3_17             -0.9478     -0.3709     -26.2     4.7%   corr of active parental time and LW - ages 3-1
  S6_corr_tauc_LW_6_17              0.0548      0.2216      -9.3     0.6%   corr of own study time and LW - ages 6-17
  S6_corr_ep_LW_3_17                0.6379      0.1013      14.5     1.5%   corr of money and LW - ages 3-17 - one-child f
  S7_corr_taup_dLW_base3_12         0.0634      0.3372      -8.8     0.5%   corr of parental time and 5-year LW change - b
  S7_corr_taup_dLW_base3_7         -0.1225      0.3168     -10.7     0.8%   corr of parental time and 5-year LW change - b
  S7_corr_taup_dLW_base8_12         0.4256      0.0732       8.4     0.5%   corr of parental time and 5-year LW change - b
  S7_corr_tauc_dLW_base6_12        -0.2521     -0.2210      -1.1     0.0%   corr of own study and 5-year LW change - base 
  S7_corr_tauc_dLW_base6_7          0.0899     -0.2046       4.6     0.1%   corr of own study and 5-year LW change - base 
  S7_corr_tauc_dLW_base8_12        -0.4392     -0.1039      -9.0     0.6%   corr of own study and 5-year LW change - base 
  S7_corr_ep_dLW_base3_12          -0.1427      0.1388      -3.9     0.1%   corr of money and 5-year LW change - base age 
  S7_corr_ep_dLW_base3_7            0.0733      0.1092      -0.4     0.0%   corr of money and 5-year LW change - base age 
  S7_corr_ep_dLW_base8_12          -0.3819     -0.0601      -4.4     0.1%   corr of money and 5-year LW change - base age 
  S8_mean_taup_3_5                  0.3719      0.3420       4.6     0.1%   Mean active parental time / 112 - ages 3-5
  S8_sd_taup_3_5                    0.0487      0.1442     -23.4     3.8%   SD of active parental time / 112 - ages 3-5
  S8_mean_taup_6_8                  0.2797      0.2397       9.5     0.6%   Mean active parental time / 112 - ages 6-8
  S8_sd_taup_6_8                    0.0337      0.1015     -20.6     2.9%   SD of active parental time / 112 - ages 6-8
  S8_mean_taup_9_12                 0.1753      0.2152     -10.2     0.7%   Mean active parental time / 112 - ages 9-12
  S8_sd_taup_9_12                   0.0315      0.1094     -23.9     3.9%   SD of active parental time / 112 - ages 9-12
  S8_mean_taup_13_17                0.0526      0.1619     -25.8     4.6%   Mean active parental time / 112 - ages 13-17
  S8_sd_taup_13_17                  0.0398      0.1219     -13.0     1.2%   SD of active parental time / 112 - ages 13-17
  S8_mean_ep_3_5                    0.0351      0.3035     -11.9     1.0%   Mean money / 10000 - ages 3-5 - one-child - PS
  S8_sd_ep_3_5                      0.0252      0.4258     -13.2     1.2%   SD of money / 10000 - ages 3-5 - one-child - P
  S8_mean_ep_6_8                    0.1369      0.3000      -5.6     0.2%   Mean money / 10000 - ages 6-8 - one-child - PS
  S8_sd_ep_6_8                      0.0640      0.4842      -8.7     0.5%   SD of money / 10000 - ages 6-8 - one-child - P
  S8_mean_ep_9_12                   0.5506      0.2908       7.9     0.4%   Mean money / 10000 - ages 9-12 - one-child - P
  S8_sd_ep_9_12                     0.2969      0.5955      -3.5     0.1%   SD of money / 10000 - ages 9-12 - one-child - 
  S8_mean_ep_13_17                  0.8835      0.4814      10.8     0.8%   Mean money / 10000 - ages 13-17 - one-child - 
  S8_sd_ep_13_17                    0.6510      0.9587      -4.0     0.1%   SD of money / 10000 - ages 13-17 - one-child -
  S8_mean_tauc_6_8                  0.0355      0.0294       5.0     0.2%   Mean own study time / 112 - ages 6-8
  S8_sd_tauc_6_8                    0.0055      0.0295     -20.0     2.8%   SD of own study time / 112 - ages 6-8
  S8_mean_tauc_9_12                 0.0638      0.0453      11.9     1.0%   Mean own study time / 112 - ages 9-12
  S8_sd_tauc_9_12                   0.0086      0.0444     -22.7     3.5%   SD of own study time / 112 - ages 9-12
  S8_mean_tauc_13_17                0.0494      0.0557      -2.6     0.0%   Mean own study time / 112 - ages 13-17
  S8_sd_tauc_13_17                  0.0286      0.0662     -13.8     1.3%   SD of own study time / 112 - ages 13-17
  S9_mean_ep_over_Y_3_17            0.0562      0.0391       7.5     0.4%   Mean money / parents pre-tax labour income - a
  ------------------------------ block T ------------------------------
  k0_complete                       0.3700      0.3425       2.1     0.0%   Share with a BA at the first TAS wave at age 2
  kpe_bc0_c                         0.2018      0.2991      -6.5     0.3%   BA share - BothCollege = 0 - both parents 16+ 
  kpe_bc1_c                         0.8571      0.7971       2.5     0.0%   BA share - BothCollege = 1
  kth_lw17_gap                      0.0066      3.3484      -6.0     0.3%   Mean raw LW at 17 - BA minus no BA
  m_eps                             0.1512      0.1922      -2.7     0.1%   Residual variance RSS/(N-3) of BA on BothColle
  ------------------------------ block W ------------------------------
  kterm_med22                      39.0575     15.6230      18.1     2.3%   Median family net worth incl. home - first-chi
  Q                                                            14523.7944
  Q share of block P: 11.2%
  Q share of block S: 85.8%
  Q share of block T: 0.7%
  Q share of block W: 2.3%

  Q concentration: top 5 moments carry 42.7% of Q  (S4_mean_dLW_base8_12 20%, mean_c_p 10%, S6_corr_taup_LW_3_17 5%, S8_mean_taup_13_17 5%, S8_sd_taup_9_12 4%)

Untargeted -- the college regression, the skill gradient, the handoff
----------------------------------------------------------------------------
  LW at 17: college 56.33 / not 56.33   (data 51.98 / 48.63)   [analytic LW17, FLAGGED]
  m_eps regression: b_BC 0.655  b_LW 0.0010  R2 0.352   (data 0.457 / 0.0283 / 0.225)
  bc_lw_corr_3_5     model 0.029  data 0.264
  bc_lw_corr_6_8     model 0.007  data 0.169
  bc_lw_corr_9_12    model 0.002  data 0.233
  bc_lw_corr_13_17   model 0.002  data 0.275
  college 111 of 300 simulated children; 77 BothCollege
  mean transfer 4.8106 (48106 USD); median retained 39.0575 (390575 USD) vs data 156230 USD
  LIMITATION: the data are at first-child ages 21-22; the model's a_term is at 18.
  mean ln k by age   1:0.75 2:2.11 3:2.95 4:3.40 5:3.70 6:3.96 7:4.17 8:4.40 9:4.65 10:4.93 11:5.26 12:5.64 13:6.08 14:6.62 15:7.26 16:8.05 17:9.03 
  sd ln k by age     1:0.65 2:0.24 3:0.10 4:0.04 5:0.02 6:0.01 7:0.01 8:0.00 9:0.00 10:0.00 11:0.00 12:0.00 13:0.00 14:0.01 15:0.01 16:0.01 17:0.01 
  (data: latent mean ln k at 17 = 6.687, SD 0.652)

  c_p     22025 USD/yr  vs data 41186
  h_p      30.9 hrs/wk  vs data 34.4
  after-tax income 4.3798 (43798 USD/yr); implied saving rate 42.0%
  invalid sim cells 0
  assets above a_max=100: 0 households ever; skill outside [0.135, 2.2e+04]: 300 ever above, 0 ever below

!  APPROACHING A BOUND (within 5%) -- not a failure, but watch it across runs:
  sigma_eps  =     1.8606  97.6% of its box, near the upper bound

!! PARAMETERS NEAR A SEARCH BOUND -- boundary review required:
  d_1        =     9.9137  near its UPPER bound [0.010, 10.000]  (99.1% into the box)
  d_2        =     3.8999  near its UPPER bound [-4.000, 4.000]  (98.7% into the box)
  kappa_0    =     0.9502  near its UPPER bound [-3.000, 1.000]  (98.8% into the box)
  kappa_theta =    -0.0039  near its UPPER bound [-3.000, 0.000]  (99.9% into the box)
  kappa_terminal =    37.1939  near its UPPER bound [0.500, 40.000]  (98.3% into the box)
This proximity flag is separate from the optimizer stopping status. Check a
boundary profile and numerical sensitivity before promoting the result; proximity
alone does not prove that the box is too narrow or the target is unattainable.

acceptance -- about the REPORTED POINT, on the reporting objective (grid 12)
  point came from         local restart 5  (its search: MAXEVAL_REACHED, limit)
  verified afterwards     no
  refinement              skipped (ret NOT_RUN, 0 evals)
  execution ok            yes  (0 objective exceptions)
  candidate valid         yes  (Q = 14523.8, 0 invalid cells in the final simulation)
  locally converged       NO   (evidence on the reporting objective)
  search budget complete  yes  (complete; 5 of 5 restarts committed, 0 in flight; resume: serial_exact)
  no parameter on a bound NO   (d_1, d_2, kappa_0, kappa_theta, kappa_terminal)
  (for context: 0 of 5 restarts converged, 5 hit a budget, 0 other)
  NOT ACCEPTED -- do not quote this point:
    - no convergence evidence for the reported point on the reporting objective
    - parameter(s) near a search bound: d_1, d_2, kappa_0, kappa_theta, kappa_terminal
  a finite Q is not a certification, and neither is another restart's convergence.

verdict: custom: NOT ACCEPTED -- no convergence evidence for the reported point on the reporting objective; parameter(s) near a search bound: d_1, d_2, kappa_0, kappa_theta, kappa_terminal

wrote ../2026-10-02_memo19_merge/output/diagnostics/2026-10-02_tiktak23_integration/runs/run_resume/run_record.toml
wrote ../2026-10-02_memo19_merge/output/diagnostics/2026-10-02_tiktak23_integration/runs/run_resume/restarts.csv
wrote ../2026-10-02_memo19_merge/output/diagnostics/2026-10-02_tiktak23_integration/runs/run_resume/estimates.toml
wrote ../2026-10-02_memo19_merge/output/diagnostics/2026-10-02_tiktak23_integration/runs/run_resume/run.log
