recovery test (tech): 12 free parameters, started 2026-10-02T10:57:40.322
targets: /srv/project/speech/apps/Structural-estimation/temp/2026-10-02_memo19_merge/output/smm_runs/2026-10-01_225333_185835_targets/targets.toml  (composition: FIXTURE; wage loading: PLACEHOLDER)
Q at the truth = 0.000e+00  (must be 0: common random numbers)
Q at the displaced start = 21373.2
  eval    50  best Q 9084.54  (3.6 min)
  eval   100  best Q 2155.81  (7.3 min)
  eval   150  best Q 683.54  (11.0 min)
  eval   200  best Q 251.059  (14.7 min)
  eval   250  best Q 75.2398  (18.4 min)
  eval   300  best Q 47.5911  (22.1 min)
  eval   350  best Q 40.8219  (25.8 min)
  eval   400  best Q 37.3351  (29.6 min)
  eval   450  best Q 37.3317  (33.4 min)
  eval   500  best Q 37.3315  (37.1 min)
stage LN_BOBYQA: SUCCESS, Q 37.3315 after 522 evaluations in total
  eval   550  best Q 32.0963  (40.2 min)
  eval   600  best Q 28.1526  (43.7 min)
  eval   650  best Q 25.5172  (47.4 min)
  eval   700  best Q 22.9884  (51.0 min)
  eval   750  best Q 19.7019  (54.7 min)
  eval   800  best Q 18.509  (58.4 min)
  eval   850  best Q 16.1042  (62.1 min)
  eval   900  best Q 13.5575  (65.7 min)
  eval   950  best Q 12.8046  (69.4 min)
  eval  1000  best Q 11.0397  (73.1 min)
  eval  1050  best Q 9.77204  (76.8 min)
  eval  1100  best Q 7.48845  (80.4 min)
  eval  1150  best Q 6.40469  (84.1 min)
  eval  1200  best Q 4.60311  (87.8 min)
  eval  1250  best Q 3.57259  (91.5 min)
  eval  1300  best Q 2.96095  (95.1 min)
  eval  1350  best Q 2.71031  (98.8 min)
  eval  1400  best Q 2.64053  (102.5 min)
  eval  1450  best Q 2.61078  (106.2 min)
  eval  1500  best Q 2.52826  (109.9 min)
stage LN_NELDERMEAD: MAXEVAL_REACHED, Q 2.49658 after 1522 evaluations in total

parameter        truth      start   estimate   |error| % of box
sigma_1_0        -0.6309    -0.8809    -0.7591     2.56
sigma_1_1        -0.1153    -0.0903    -0.1064     1.78
sigma_2_0        -7.1540    -7.7040    -7.2359     0.74
sigma_2_1         0.0720     0.0420     0.0768     0.80
sigma_3_0        -0.2448    -0.0948    -0.2211     0.79
sigma_3_1         0.0050    -0.0050     0.0043     0.34
sigma_4_0        -6.5980    -6.0480    -6.7197     1.11
sigma_4_1         0.2710     0.3110     0.2787     0.96
d_0               4.1095     3.6100     2.4530    16.58
d_1               4.5320     4.0325     4.1589     3.74
d_2               2.0000     2.4000     3.5009    18.76
d_3               2.8784     0.8784     0.8897     4.97

Q: start 21373.2 -> end 2.49658 after 1522 evaluations, 111.5 min. Worst parameter error 18.76% of its box.
RESULT: NOT RECOVERED by that criterion -- read the table above
