Solving working model...  18%|████▉                      |  ETA: 0:00:05[KSolving working model...  70%|██████████████████▉        |  ETA: 0:00:01[KSolving working model... 100%|███████████████████████████| Time: 0:00:03[K
Solving graduate working model...  24%|████▎             |  ETA: 0:00:03[KSolving graduate working model...  59%|██████████▋       |  ETA: 0:00:01[KSolving graduate working model...  96%|█████████████████▎|  ETA: 0:00:00[KSolving graduate working model... 100%|██████████████████| Time: 0:00:03[K
Solving period 17 ... (full model, separate)
Period 17: Converged: 100.0%, Maxeval: 0.0%, Other: 0.0%, Avg iters: 53.89
Solving period 16 ... (full model)
Period 16: Converged: 100.0%, Maxeval: 0.0%, Other: 0.0%, Avg iters: 30.77
Solving period 15 ... (full model)
Period 15: Converged: 100.0%, Maxeval: 0.0%, Other: 0.0%, Avg iters: 21.83
Solving period 14 ... (full model)
Period 14: Converged: 100.0%, Maxeval: 0.0%, Other: 0.0%, Avg iters: 21.91
Solving period 13 ... (full model)
Period 13: Converged: 100.0%, Maxeval: 0.0%, Other: 0.0%, Avg iters: 21.84
Solving period 12 ... (full model)
Period 12: Converged: 100.0%, Maxeval: 0.0%, Other: 0.0%, Avg iters: 21.93
Solving period 11 ... (full model)
Period 11: Converged: 100.0%, Maxeval: 0.0%, Other: 0.0%, Avg iters: 21.66
Solving period 10 ... (full model)
Period 10: Converged: 100.0%, Maxeval: 0.0%, Other: 0.0%, Avg iters: 21.02
Solving period 9 ... (full model)
Period 9: Converged: 100.0%, Maxeval: 0.0%, Other: 0.0%, Avg iters: 20.02
Solving period 8 ... (full model)
Period 8: Converged: 100.0%, Maxeval: 0.0%, Other: 0.0%, Avg iters: 19.74
Solving period 7 ... (full model)
Period 7: Converged: 100.0%, Maxeval: 0.0%, Other: 0.0%, Avg iters: 20.09
Solving period 6 ... (full model)
Period 6: Converged: 100.0%, Maxeval: 0.0%, Other: 0.0%, Avg iters: 21.82
Solving period 5 ... (parent only)
Period 5: Converged: 100.0%, Maxeval: 0.0%, Other: 0.0%, Avg iters: 17.34
Solving period 4 ... (parent only)
Period 4: Converged: 100.0%, Maxeval: 0.0%, Other: 0.0%, Avg iters: 17.92
Solving period 3 ... (parent only)
Period 3: Converged: 100.0%, Maxeval: 0.0%, Other: 0.0%, Avg iters: 16.21
Solving period 2 ... (parent only)
Period 2: Converged: 100.0%, Maxeval: 0.0%, Other: 0.0%, Avg iters: 14.02
Solving period 1 ... (parent only)
Period 1: Converged: 100.0%, Maxeval: 0.0%, Other: 0.0%, Avg iters: 15.21
Mean final asset: 36.60228371820017
Mean final human capital: 482.9290525697885
Std. dev. of final human capital: 5.1550447479314725
age,c,e,h,t,i,income,wage,hc
1.0,3.0522639233796713,0.17506133773499577,0.3349894364173298,0.3502691096126441,0.0,4.178767090437976,37.415080638344286,385.7834954098433
2.0,3.071101116449813,0.16618079485778275,0.35841360441689507,0.3273265942799912,0.0,4.5620508885401145,38.7697351246198,358.1577352768423
3.0,3.0888354993611014,0.17610624355111176,0.3523400717309121,0.3361757443275873,0.0,4.633504184337144,40.082973232187044,357.9704999314299
4.0,3.119251843506501,0.22383783174880018,0.2929203088937676,0.4020479486892611,0.0,4.105404112477014,41.388215442608974,375.24770828304327
5.0,3.1390669779505833,0.34690339248898755,0.16468248256504278,0.5473993643279654,0.0,2.6252051257490736,42.38701803303635,408.9941072357354
6.0,3.158127365656062,0.43364856400382906,0.17205480699994566,0.539461390508161,0.39085204893276115,2.771748113109907,43.378854046358576,455.49220313616956
7.0,3.173485078033314,0.48781436384456595,0.16824922219996347,0.5452799238001765,0.3587061048828167,2.768824195858231,44.310683626240944,474.31714643780737
8.0,3.204427464311474,0.5230562157254106,0.1770396310055873,0.5357486283354257,0.3520220031722923,2.9488775923767307,45.4440433374795,487.93876336774406
9.0,3.2342595069901234,0.5404011444811622,0.19307101896110904,0.5172554924087698,0.3574917291092055,3.2137757957377735,46.29643141508335,497.5441892926341
10.0,3.254861941282519,0.5408975770856373,0.21690608879199727,0.4911285481685857,0.3712239208339474,3.5882038917765824,47.21853016529398,504.53828067280426
11.0,3.281078996037187,0.5311515467664062,0.2441499002103006,0.4610875696021695,0.3891519604109624,4.016060926832338,48.15683738505606,509.82527134394087
12.0,3.2944275814964303,0.5089948497764791,0.2751850836742465,0.427518055588868,0.41017171925678614,4.473071454909265,48.83524826370122,514.1066583681809
13.0,3.3094393649438936,0.4772115192209881,0.3091667266769758,0.3909747727163337,0.43260950227914663,4.964077063927324,49.48375720652545,517.7247376129918
14.0,3.327490744186147,0.43218017965931194,0.3476557333176746,0.3499471234508775,0.45496512884701423,5.527442764238037,50.28738069202937,520.8523930691811
15.0,3.346948815977476,0.36287743640625303,0.3947787777633871,0.2996836259141185,0.4729283666410971,6.19572656071988,51.0037030886652,523.455732290512
16.0,3.3728933306294393,0.24380502333170997,0.4670076425953149,0.22246984469184755,0.46622158716411904,7.177165968389396,51.64868297853369,525.161180444723
17.0,3.4004768524672255,0.0169589461167613,0.6559984538506507,0.022775033462002853,0.10284286811493135,9.532918531504084,52.121793857283905,524.1813523495152
DONE
