Solving working model...  18%|████▉                      |  ETA: 0:00:05[KSolving working model...  64%|█████████████████▎         |  ETA: 0:00:01[KSolving working model... 100%|███████████████████████████| Time: 0:00:03[K
Solving graduate working model...  24%|████▎             |  ETA: 0:00:03[KSolving graduate working model...  59%|██████████▋       |  ETA: 0:00:01[KSolving graduate working model...  98%|█████████████████▋|  ETA: 0:00:00[KSolving graduate working model... 100%|██████████████████| Time: 0:00:03[K
Solving period 17 ... (full model, separate)
Period 17: Converged: 100.0%, Maxeval: 0.0%, Other: 0.0%, Avg iters: 53.89
Solving period 16 ... (full model)
Period 16: Converged: 100.0%, Maxeval: 0.0%, Other: 0.0%, Avg iters: 30.77
Solving period 15 ... (full model)
Period 15: Converged: 100.0%, Maxeval: 0.0%, Other: 0.0%, Avg iters: 21.83
Solving period 14 ... (full model)
Period 14: Converged: 100.0%, Maxeval: 0.0%, Other: 0.0%, Avg iters: 21.91
Solving period 13 ... (full model)
Period 13: Converged: 100.0%, Maxeval: 0.0%, Other: 0.0%, Avg iters: 21.84
Solving period 12 ... (full model)
Period 12: Converged: 100.0%, Maxeval: 0.0%, Other: 0.0%, Avg iters: 21.93
Solving period 11 ... (full model)
Period 11: Converged: 100.0%, Maxeval: 0.0%, Other: 0.0%, Avg iters: 21.66
Solving period 10 ... (full model)
Period 10: Converged: 100.0%, Maxeval: 0.0%, Other: 0.0%, Avg iters: 21.02
Solving period 9 ... (full model)
Period 9: Converged: 100.0%, Maxeval: 0.0%, Other: 0.0%, Avg iters: 20.02
Solving period 8 ... (full model)
Period 8: Converged: 100.0%, Maxeval: 0.0%, Other: 0.0%, Avg iters: 19.74
Solving period 7 ... (full model)
Period 7: Converged: 100.0%, Maxeval: 0.0%, Other: 0.0%, Avg iters: 20.09
Solving period 6 ... (full model)
Period 6: Converged: 100.0%, Maxeval: 0.0%, Other: 0.0%, Avg iters: 21.82
Solving period 5 ... (parent only)
Period 5: Converged: 100.0%, Maxeval: 0.0%, Other: 0.0%, Avg iters: 17.34
Solving period 4 ... (parent only)
Period 4: Converged: 100.0%, Maxeval: 0.0%, Other: 0.0%, Avg iters: 17.92
Solving period 3 ... (parent only)
Period 3: Converged: 100.0%, Maxeval: 0.0%, Other: 0.0%, Avg iters: 16.21
Solving period 2 ... (parent only)
Period 2: Converged: 100.0%, Maxeval: 0.0%, Other: 0.0%, Avg iters: 14.02
Solving period 1 ... (parent only)
Period 1: Converged: 100.0%, Maxeval: 0.0%, Other: 0.0%, Avg iters: 15.21
Mean final asset: 36.60228371820017
Mean final human capital: 482.9290525697885
Std. dev. of final human capital: 5.1550447479314725
age,c,e,h,t,i,income,wage,hc
1.0,3.0522639233796713,0.17506133773499577,0.3349894364173298,0.3502691096126441,0.0,4.178767090437976,37.415080638344286,385.7834954098433
2.0,3.071101116449813,0.16618079485778275,0.35841360441689507,0.3273265942799912,0.0,4.5620508885401145,38.7697351246198,358.1577352768423
3.0,3.0888354993611014,0.17610624355111176,0.3523400717309121,0.3361757443275873,0.0,4.633504184337144,40.082973232187044,357.9704999314299
4.0,3.119251843506501,0.22383783174880018,0.2929203088937676,0.4020479486892611,0.0,4.105404112477014,41.388215442608974,375.24770828304327
5.0,3.1390669779505833,0.34690339248898755,0.16468248256504278,0.5473993643279654,0.0,2.6252051257490736,42.38701803303635,408.9941072357354
6.0,3.158127365656062,0.43364856400382906,0.17205480699994566,0.539461390508161,0.39085204893276115,2.771748113109907,43.378854046358576,455.49220313616956
7.0,3.173485078033314,0.48781436384456595,0.16824922219996347,0.5452799238001765,0.3587061048828167,2.768824195858231,44.310683626240944,474.31714643780737
8.0,3.204427464311474,0.5230562157254106,0.1770396310055873,0.5357486283354257,0.3520220031722923,2.9488775923767307,45.4440433374795,487.93876336774406
9.0,3.2342595069901234,0.5404011444811622,0.19307101896110904,0.5172554924087698,0.3574917291092055,3.2137757957377735,46.29643141508335,497.5441892926341
10.0,3.254861941282519,0.5408975770856373,0.21690608879199727,0.4911285481685857,0.3712239208339474,3.5882038917765824,47.21853016529398,504.53828067280426
11.0,3.281078996037187,0.5311515467664062,0.2441499002103006,0.4610875696021695,0.3891519604109624,4.016060926832338,48.15683738505606,509.82527134394087
12.0,3.2944275814964303,0.5089948497764791,0.2751850836742465,0.427518055588868,0.41017171925678614,4.473071454909265,48.83524826370122,514.1066583681809
13.0,3.3094393649438936,0.4772115192209881,0.3091667266769758,0.3909747727163337,0.43260950227914663,4.964077063927324,49.48375720652545,517.7247376129918
14.0,3.327490744186147,0.43218017965931194,0.3476557333176746,0.3499471234508775,0.45496512884701423,5.527442764238037,50.28738069202937,520.8523930691811
15.0,3.346948815977476,0.36287743640625303,0.3947787777633871,0.2996836259141185,0.4729283666410971,6.19572656071988,51.0037030886652,523.455732290512
16.0,3.3728933306294393,0.24380502333170997,0.4670076425953149,0.22246984469184755,0.46622158716411904,7.177165968389396,51.64868297853369,525.161180444723
17.0,3.4004768524672255,0.0169589461167613,0.6559984538506507,0.022775033462002853,0.10284286811493135,9.532918531504084,52.121793857283905,524.1813523495152
DONE
violations: (total = 0, nonfinite = 0, c_nonpositive = 0, e_negative = 0, hc_nonpositive = 0, h_outside_unit = 0, t_outside_unit = 0, i_outside_unit = 0, parent_leisure_negative = 0, child_leisure_negative = 0, assets_below_min = 0)
selected state: (0.0, 408.25610198261154, 0.6320217519778244)
slice age 6
sol_c [2.18340061220777, 2.2523144271677933, 2.293738886892574, 2.316911236744928, 2.3760015874476905, 2.4162372985761773, 2.4523845374272955, 2.488090785155533, 2.518718846590026, 2.5954177042688, 2.650798740885631, 2.7172086841260588, 2.7961308879645714, 2.8829675884426926, 2.97520397698875, 3.0715673998100006, 3.171677638005096, 3.2757089725829514, 3.384087540000192, 3.496890352572537, 3.614104148651253, 3.7355433863701304, 3.8607027629306114, 3.988780911298146, 4.1189016246202685, 4.249211996554743, 4.379984251665706, 4.507289452008738, 4.631026193985111, 4.760029183962274]
sol_e [0.2474502087826893, 0.25926636840767153, 0.2681940975931317, 0.2705044509517268, 0.2809095806317169, 0.2880754514842561, 0.29456274566065305, 0.3009951541973179, 0.30658926317555835, 0.32069345387630216, 0.33101535805294086, 0.3435204054919181, 0.3586051476720866, 0.37544126067999317, 0.3936047513882173, 0.41288083757133204, 0.4332414101885826, 0.45476225953316063, 0.4774845922089723, 0.5015502853124357, 0.5269836770653442, 0.5537703835881408, 0.5818328573005644, 0.6110326575593144, 0.6411751060622348, 0.6720531982157424, 0.7030991117725318, 0.7339780489473533, 0.7644109841074799, 0.7965792204054338]
sol_h [0.1942977963407494, 0.17872324391615213, 0.16788114310721222, 0.1649238818871753, 0.15298299399982138, 0.1452086779682667, 0.13846758373350132, 0.13204669477032502, 0.12669123550288014, 0.11399384106444914, 0.10543835888166839, 0.09581168529212969, 0.08525657783436369, 0.0746845360624622, 0.06462876827277346, 0.05530370474463042, 0.04681124464882794, 0.03917937838594518, 0.03240599280206937, 0.026486225302412902, 0.0214034315868357, 0.017121383772986002, 0.013585057844809185, 0.010719934326973676, 0.0084376936318711, 0.006656779245963998, 0.0052581536152912466, 0.004196027359700614, 0.003382179392790338, 0.002712374868340454]
sol_t [0.5237789456581374, 0.5348696347407221, 0.5425211067024179, 0.5446303129537768, 0.5530309785436087, 0.5584736668690875, 0.5631744235512646, 0.5676384394166586, 0.5713450234646054, 0.5800914395503075, 0.5859399191613429, 0.5924809684153407, 0.5996003488211761, 0.6066675723783074, 0.6133376601447327, 0.6194655720684535, 0.6249966312157618, 0.6299270226543942, 0.6342726023153685, 0.6380416817718968, 0.6412571020470902, 0.6439509178053073, 0.6461649823137777, 0.6479517115400012, 0.6493701934830778, 0.6504833710795057, 0.6513397816482405, 0.6519959591989639, 0.6524982314406199, 0.6529111547293838]
sol_i [0.4041324198622096, 0.3947208309533011, 0.3883117330803243, 0.3864300856371768, 0.3793018097845635, 0.37468283495424987, 0.3706931972698124, 0.3669023073729837, 0.36375990937161357, 0.3563322162858952, 0.3513727737264349, 0.3458218664176992, 0.33978063370815775, 0.3337837558008261, 0.32812343964155294, 0.32292341916883527, 0.3182298927053659, 0.31404498375594414, 0.3103587960399041, 0.3071606808862666, 0.304432369166571, 0.30214668373399844, 0.30026807083390067, 0.29875215610708505, 0.29754835179330424, 0.29661814031651706, 0.2958775409590774, 0.2953209044572617, 0.2948947936532327, 0.2945446587657027]
slice age 16
sol_c [2.1542051123225203, 2.17098423894613, 2.313910152637207, 2.35587705870166, 2.35593382010857, 2.3559903046212676, 2.355936314158113, 2.355906167417853, 2.3558653782676897, 2.4946722199092477, 2.605045377951782, 2.72910910716925, 2.8629163320685143, 3.0030117269765113, 3.1441178903775873, 3.2861359115173783, 3.431997951718208, 3.5871284100886243, 3.750956762464862, 3.922232067624162, 4.099249467980938, 4.279427403284734, 4.459222359831581, 4.5337649243308045, 4.652190967654133, 4.797854323902499, 4.944000429379332, 5.064282714278829, 5.1588615035058245, 5.5206675143029695]
sol_e [0.12634943967497084, 0.12722838892342347, 0.14447830789241406, 0.14445192605672263, 0.14440991627723193, 0.1443547516299429, 0.14432430642529004, 0.14428633353972112, 0.14421480363071837, 0.15723525780675676, 0.1672945622026362, 0.17831150623702405, 0.1908560231730741, 0.20492686015262052, 0.21830250165002027, 0.23308220471919538, 0.24801104769867743, 0.2643618579389612, 0.28206598933513494, 0.3009902533274439, 0.32103257010856123, 0.3419025332538908, 0.36318023550371026, 0.3834726252817782, 0.385949829843093, 0.4039405441934013, 0.422104670541845, 0.43715261802121935, 0.4478887209451295, 0.49665929501908546]
sol_h [0.5040326202128549, 0.5002613941991387, 0.47716789881752825, 0.4716186704761745, 0.4716604712199444, 0.4716962214613764, 0.47174162082718724, 0.4717883521086344, 0.4718310877788248, 0.45114848971328075, 0.43519556409703886, 0.41808237083470223, 0.4004061666568192, 0.3826273175958263, 0.3655373369817008, 0.34887616910676905, 0.33255049835622, 0.31581847609650926, 0.2988602885273123, 0.2818646097188107, 0.26505431417908976, 0.24868977100527256, 0.23307350831875628, 0.22230245948572702, 0.21805648529909236, 0.20561820544331283, 0.1944294106870602, 0.18554407182009525, 0.17937503177497638, 0.154024117304425]
sol_t [0.20825009775024309, 0.2105056115680826, 0.2203940531400989, 0.22253475875691014, 0.222490045613584, 0.2224567930171779, 0.2224064001367401, 0.22235384673070144, 0.22231500746454694, 0.2310227960108643, 0.23740864071777612, 0.24407488704789015, 0.2507817780602996, 0.25731070439694353, 0.26316824433585007, 0.2690696114052089, 0.27444888286014213, 0.27981538284068436, 0.2850755078746676, 0.29016085694127786, 0.29500612220416816, 0.2995453634036848, 0.30371110666175616, 0.3084752144338306, 0.3072400455460701, 0.3105081313729771, 0.3131721778655947, 0.3152022653582615, 0.31654854385120035, 0.3222005273573734]
sol_i [0.47888386885734824, 0.47692931615337647, 0.47016728839812466, 0.47017586033850634, 0.4701439882247765, 0.4701012459636839, 0.4700756389744041, 0.4700475545798241, 0.47000683377709385, 0.4643896520689102, 0.4600690110964655, 0.45553885539451827, 0.4509465994053247, 0.4464611369769804, 0.44247165546733114, 0.4383386393547564, 0.4346459513756749, 0.4310035787084679, 0.4274745927997263, 0.4240966707495804, 0.4209051835978118, 0.41793426018909735, 0.41521882322750836, 0.4113073106732193, 0.41322517594920705, 0.4105976689839133, 0.40884380519768576, 0.40746229934466727, 0.4064869198189269, 0.4030065548517303]
slice age 17
sol_c [1.5472931162950392, 1.5957027515845612, 1.6598425572245386, 1.7325167668208923, 1.8109589428638055, 1.8953801059311906, 1.9825500701433636, 2.0720073546150934, 2.163180589919973, 2.4254919643043356, 2.527169707819112, 2.6434984848468273, 2.771019327897654, 2.9069828257954096, 3.048197810667741, 3.1904506276097737, 3.3330911134803514, 3.4850658104974492, 3.646519182463186, 3.8161093456560966, 3.992785268503992, 4.174420580133007, 4.357521623976815, 4.537940835318756, 4.710413436291652, 4.868018874741202, 5.003982671501311, 5.106762357001175, 5.170340055615944, 6.75486312172731]
sol_e [0.008982967867577442, 0.008948807290777377, 0.00889555614147581, 0.008857967072260858, 0.011628088142228783, 0.011330457095943386, 0.01322928476742441, 0.014080974354441103, 0.009805742043978488, 0.017123562023681503, 0.01721444746779766, 0.01725935929172454, 0.01723114130220408, 0.01709524204571044, 0.016866479311463144, 0.016554083623951985, 0.016161105451168927, 0.01582462653145767, 0.015566856350889807, 0.015331343891624273, 0.015196307888079618, 0.015151102683446492, 0.015095089859219153, 0.014971443664456246, 0.014875315646108275, 0.014679008221749083, 0.014366648674295409, 0.013776243318073922, 0.012936828463925151, 0.018316738822057546]
sol_h [0.7458958812153995, 0.739828233880007, 0.7318744037338281, 0.7229701377065828, 0.7134425823413676, 0.7034836005718392, 0.6931211111518051, 0.6827627161423764, 0.6726005568470627, 0.6440365658648723, 0.6347769102635343, 0.6244662216885991, 0.6134782224531632, 0.6021052332208335, 0.5906426838534918, 0.5794295402545543, 0.5684162833267893, 0.5567257874440144, 0.544367619356408, 0.531449628305236, 0.5181183671718578, 0.5045855987533094, 0.49110425914544953, 0.4780179050728746, 0.4657741780270059, 0.45485071017530115, 0.4462673487562066, 0.43931504195396887, 0.43596548648709144, 0.32905277086715023]
sol_t [0.02240413270296385, 0.02323450451239828, 0.02432683304098545, 0.025552712890069523, 0.02687493827973986, 0.028247436733175285, 0.029675346729903164, 0.031091614058893397, 0.03236371453533181, 0.03562326922773743, 0.03529774029087464, 0.03478145592087202, 0.034077458714591766, 0.03317455376671022, 0.03209000374213384, 0.03084877327670919, 0.029554868425292275, 0.02834733254014261, 0.027236876685741533, 0.026234897641652523, 0.025338239693629125, 0.024526728954126602, 0.023780775579652493, 0.02308707113106797, 0.022386668617129096, 0.02163615870669116, 0.02046894439479336, 0.01972481354251641, 0.018397507357862178, 0.020854982300560265]
sol_i [0.16422208009334555, 0.1641674814375795, 0.16405915721945388, 0.16387503442917623, 0.16192334483649085, 0.1617138651275285, 0.16048649460673164, 0.159696258550803, 0.16131421686911496, 0.15372129855658886, 0.14662795740847176, 0.13882416657938437, 0.13048001585902816, 0.12189220883614518, 0.11328521673365158, 0.10489849205951121, 0.09699601959116007, 0.08972568838327588, 0.08311789258052069, 0.07716755153069034, 0.07189262229628039, 0.06720784743156737, 0.06306077703399347, 0.05934310151317194, 0.055982201326936085, 0.05284134082444583, 0.04903822716971766, 0.046637763382245435, 0.04321279690110904, 0.04094714044667859]
t=16 continuation marginal wrt log HC: median 30.619135331544346 p10,p90 [30.076835931709166, 31.26200923002789]
t=17 continuation marginal wrt log HC: median 2.5827398665651513 p10,p90 [1.0602567857390992, 4.263288202489229]
ia,a,a_next,HC_next,dV_da,HC_next*dV_dHC,e
1.0,0.0,5.251457465215182,440.91881005646917,0.5301749940748157,4.416173528087884,0.008982967867577442
5.0,1.3058258449441862,6.107788218462216,442.6275107741549,0.4187079241176425,4.373446775556525,0.011628088142228783
9.0,3.0,7.2199412763943815,444.27048912089197,0.3210347751803176,4.304090102047205,0.009805742043978488
10.0,5.512514521915296,9.338832679491018,444.9807451801093,0.2701301137600633,4.154657499729258,0.017123562023681503
15.0,24.571983580132446,27.97060635151755,440.960053851865,0.19174014983927581,2.9041455063033177,0.016866479311463144
29.0,94.48387996364347,96.73169170520734,426.3252747131682,0.08679541894798581,1.0089706925563668,0.012936828463925151
30.0,100.0,99.99999999916417,427.122231749769,0.08633902077848991,0.9562329061260848,0.018316738822057546
Reoptimization: ia,old_e,new_e,objective_gain,return_code
1,0.008982967867577442,0.009272713795518726,2.522271671523413e-6,XTOL_REACHED
5,0.011628088142228783,0.011628266549557124,1.1084466677857563e-12,XTOL_REACHED
9,0.009805742043978488,0.014918120702539837,0.0003755537374559026,XTOL_REACHED
10,0.017123562023681503,0.01712239243772461,1.6342482922482304e-11,XTOL_REACHED
15,0.016866479311463144,0.01686192198731367,5.260574198473478e-10,XTOL_REACHED
29,0.012936828463925151,0.012941445799176277,3.9318592826020904e-10,XTOL_REACHED
30,0.018316738822057546,0.01831538540103823,4.1239900383516215e-11,XTOL_REACHED
