theta0               feasible true  Q 16307.0  nonfinite 0  violations 0  (46 s)
s3=exp(-0.05)=0.951  feasible true  Q 40734.2  nonfinite 0  violations 0  (9 s)
s3=exp(-0.02)=0.980  feasible true  Q 1000000000000.0  nonfinite 1  violations 0  (9 s)
s3=exp(-0.01)=0.990  feasible true  Q 1000000000000.0  nonfinite 1  violations 0  (9 s)

SD of ln k by child age (column t = age t; column 18 = the handoff)   [DFVW latent SD at 17: 0.652]
age                 theta0  s3=exp(-0.05)=0.951  s3=exp(-0.02)=0.980  s3=exp(-0.01)=0.990
1                    0.643                0.643                0.643                0.643
2                    0.507                0.604                0.618                0.622
3                    0.402                0.567                0.594                0.602
4                    0.320                0.533                0.571                0.584
5                    0.258                0.501                0.550                0.566
6                    0.210                0.472                0.529                0.549
7                    0.172                0.437                0.499                0.520
8                    0.142                0.399                0.459                0.478
9                    0.117                0.353                0.388                0.383
10                   0.098                0.299                0.245                0.190
11                   0.082                0.231                0.088                0.072
12                   0.068                0.106                0.060                0.064
13                   0.058                0.045                0.058                0.063
14                   0.049                0.041                0.057                0.063
15                   0.042                0.038                0.056                0.062
16                   0.037                0.036                0.055                0.062
17                   0.035                0.034                0.054                0.061
18                   0.038                0.031                0.053                0.061

mean of ln k by age 1, 9, 17:
  theta0                 0.770   5.207   6.766
  s3=exp(-0.05)=0.951    0.770   8.569  10.058
  s3=exp(-0.02)=0.980    0.770   9.252  10.743
  s3=exp(-0.01)=0.990    0.770   9.473  11.415

Moments: model (t-stat against the data mean, data SE)
moment                             data       se               theta0  s3=exp(-0.05)=0.951  s3=exp(-0.02)=0.980  s3=exp(-0.01)=0.990
S3_sd_LW_3_17                   15.4734   0.1880     13.3115 ( -11.5)     11.1391 ( -23.1)     10.6843 ( -25.5)     10.5406 ( -26.2)
S3_sd_LW_3_7                    10.4126   0.3126      8.6783 (  -5.5)     14.5255 ( +13.2)     14.7833 ( +14.0)     14.8320 ( +14.1)
S3_sd_LW_8_11                    7.1633   0.2034      5.3657 (  -8.8)      1.3722 ( -28.5)      0.9621 ( -30.5)      0.8572 ( -31.0)
S3_sd_LW_12_17                   5.1927   0.1972      3.4315 (  -8.9)      0.4876 ( -23.9)      0.3914 ( -24.4)      0.3277 ( -24.7)
S5_corr_LW_LWt5_base3_12         0.6490   0.0173      0.8223 ( +10.0)      0.5032 (  -8.4)      0.3908 ( -14.9)      0.3852 ( -15.2)
S5_corr_LW_LWt5_base3_7          0.4733   0.0332      0.6720 (  +6.0)      0.5278 (  +1.6)      0.3959 (  -2.3)      0.3566 (  -3.5)
S5_corr_LW_LWt5_base8_12         0.7168   0.0204      0.4089 ( -15.1)     -0.0033 ( -35.4)      0.0283 ( -33.8)      0.0422 ( -33.1)
k0_complete                      0.3425   0.0131      0.7420 ( +30.6)      0.9990 ( +50.3)      1.0000 ( +50.4)      1.0000 ( +50.4)
kth_lw17_gap                     3.3484   0.5532     -0.0100 (  -6.1)      0.0119 (  -6.0)         NaN (  +NaN)         NaN (  +NaN)
m_eps                            0.1922   0.0149      0.1914 (  -0.1)      0.0010 ( -12.8)      0.0000 ( -12.9)      0.0000 ( -12.9)
