s3=0.951: TFP factor c = 0.5088 (d_0 2.0907, d_1 2.3057)
s3=0.980: TFP factor c = 0.4421 (d_0 1.8168, d_1 2.0036)
s3=0.990: TFP factor c = 0.4219 (d_0 1.7337, d_1 1.9120)
theta0               feasible true  Q 16307.0  nonfinite 0  violations 0  (15 s)
s3=0.951 R*0.509     feasible true  Q 20538.3  nonfinite 0  violations 0  (9 s)
s3=0.980 R*0.442     feasible true  Q 25153.4  nonfinite 0  violations 0  (9 s)
s3=0.990 R*0.422     feasible true  Q 27184.4  nonfinite 0  violations 0  (9 s)

SD of ln k by child age (column t = age t; column 18 = the handoff)   [DFVW latent SD at 17: 0.652]
age                 theta0     s3=0.951 R*0.509     s3=0.980 R*0.442     s3=0.990 R*0.422
1                    0.643                0.643                0.643                0.643
2                    0.507                0.612                0.631                0.637
3                    0.402                0.583                0.619                0.632
4                    0.320                0.557                0.608                0.627
5                    0.258                0.531                0.598                0.623
6                    0.210                0.507                0.588                0.618
7                    0.172                0.485                0.579                0.615
8                    0.142                0.463                0.570                0.612
9                    0.117                0.443                0.562                0.609
10                   0.098                0.424                0.554                0.607
11                   0.082                0.406                0.547                0.605
12                   0.068                0.388                0.540                0.603
13                   0.058                0.372                0.533                0.601
14                   0.049                0.356                0.526                0.600
15                   0.042                0.342                0.521                0.600
16                   0.037                0.329                0.516                0.601
17                   0.035                0.317                0.514                0.605
18                   0.038                0.310                0.517                0.615

mean of ln k by age 1, 9, 17:
  theta0                 0.770   5.207   6.766
  s3=0.951 R*0.509       0.770   4.686   6.796
  s3=0.980 R*0.442       0.770   4.364   6.789
  s3=0.990 R*0.422       0.770   4.233   6.748

Moments: model (t-stat against the data mean, data SE)
moment                             data       se               theta0     s3=0.951 R*0.509     s3=0.980 R*0.442     s3=0.990 R*0.422
S3_sd_LW_3_17                   15.4734   0.1880     13.3115 ( -11.5)     16.0091 (  +2.8)     16.6718 (  +6.4)     16.8287 (  +7.2)
S3_sd_LW_3_7                    10.4126   0.3126      8.6783 (  -5.5)      7.5605 (  -9.1)      6.8496 ( -11.4)      6.5956 ( -12.2)
S3_sd_LW_8_11                    7.1633   0.2034      5.3657 (  -8.8)      8.6926 (  +7.5)      9.8153 ( +13.0)     10.1609 ( +14.7)
S3_sd_LW_12_17                   5.1927   0.1972      3.4315 (  -8.9)      5.0570 (  -0.7)      6.8266 (  +8.3)      7.6820 ( +12.6)
S5_corr_LW_LWt5_base3_12         0.6490   0.0173      0.8223 ( +10.0)      0.8541 ( +11.8)      0.8612 ( +12.2)      0.8628 ( +12.3)
S5_corr_LW_LWt5_base3_7          0.4733   0.0332      0.6720 (  +6.0)      0.7813 (  +9.3)      0.7975 (  +9.8)      0.8024 (  +9.9)
S5_corr_LW_LWt5_base8_12         0.7168   0.0204      0.4089 ( -15.1)      0.6975 (  -0.9)      0.7863 (  +3.4)      0.8063 (  +4.4)
k0_complete                      0.3425   0.0131      0.7420 ( +30.6)      0.6900 ( +26.6)      0.6790 ( +25.8)      0.6600 ( +24.3)
kth_lw17_gap                     3.3484   0.5532     -0.0100 (  -6.1)      1.3960 (  -3.5)      3.1967 (  -0.3)      4.2409 (  +1.6)
m_eps                            0.1922   0.0149      0.1914 (  -0.1)      0.1977 (  +0.4)      0.1789 (  -0.9)      0.1734 (  -1.3)
