
============================================================================
SMM: parent-block moments
============================================================================
started    2026-09-10 15:15:48
host       haflinger.ceu.edu
machine    112 cores, 503 GB RAM, load average 6.3
workers    20 of 112 cores (18%) -- capped by shared-server budget
budget     1000 Sobol points, 100 restarts (<= 2000 evals each, polish 4000)
grids      Na=Nhc=30 for both the search and the report
writing to output/smm_runs/2026-09-10_151548
           (also reachable as output/smm_runs/latest -- tail that, no timestamp needed)
7.7s
running on 21 process(es): 1 master + 20 worker(s), 1 BLAS thread each
11.5s
29.1s (all processes at once)

============================================================================
Targets  (output/smm_runs/2026-09-10_151548/targets.toml)
============================================================================
17 moments, 14 parameters -- OVER-identified, Q cannot reach 0 and weights matter
parameters: phi_2, phi_3, lambda_2, R_0, sigma_1_0, sigma_1_1, sigma_2_0, sigma_2_1, sigma_4_0, sigma_4_1, kappa_0, kappa_theta, kappa_ParEd, kappa_terminal
moment           mean         sd        N   source
mean_c_p       3.1155     1.6993     6742   cons_exhous_real_w99
mean_h_p       0.3073     0.0999    15665   (wh_mom + wh_dad)/2 / 112
mean_t_p_early     0.4544     0.1656      475   par_time_tot / 112, child ages 1-9
mean_t_p_late     0.3333     0.1669      590   par_time_tot / 112, child ages 10-17
mean_e_p_early     0.3429     0.4794     8178   m_method2_final_w99, child ages 1-9
mean_e_p_late     0.3911     0.6638     7182   m_method2_final_w99, child ages 10-17
mean_i_c_early     0.0393     0.0358      171   study_hrs / 112 (own study only), child ages 6-9
mean_i_c_late     0.0496     0.0595      584   study_hrs / 112 (own study only), child ages 10-17
mean_hc_early     6.0737     0.1081      252   x_gach (log PCA composite), child ages 3-9
mean_hc_late     6.2589     0.0302      459   x_gach (log PCA composite), child ages 12-17
k0_complete     0.3226     0.4676     2771   y_complete | hf_complete
kth_ga17_t1_c     0.1132     0.3184      106   y_complete | hf_complete, ach_age==17, tert_ga==1
kth_ga17_t2_c     0.2453     0.4323      106   y_complete | hf_complete, ach_age==17, tert_ga==2
kth_ga17_t3_c     0.6286     0.4855      105   y_complete | hf_complete, ach_age==17, tert_ga==3
kpe_g0_c       0.2108     0.4080     1319   y_complete | hf_complete, pared_col==0
kpe_g1_c       0.6013     0.4899      913   y_complete | hf_complete, pared_col==1
kterm_x_strict_w99    33.1977    73.3467      737   pwx_strict winsorised at p99 (cut = 4,448,695 USD) | ever_strict

SDs are shown but NOT targeted: the model's cross-sectional dispersion comes
from a 5-node wage shock plus initial draws and cannot reach the data's
(leisure SD is 7.4x too small). Targeting them would distort the means.

settings written to output/smm_runs/2026-09-10_151548/run_record.toml  (status = started)
24.1s

projected runtime
  sobol stage     1001 evals / 20 workers  =   20.1 min   (parallel)
  local stage    16500 evals, sequential    = 6614.3 min   (cannot be parallelised)
  total                                    6634.4 min

The local stage dominates because TikTak's restarts are sequential by
construction. More workers shorten the first line only -- to use a wide
machine well, raise --sobol (better seeds), not --restarts.

============================================================================
Incumbent calibration
============================================================================
Q = 2405.181407

Parameters
--------------------------------------------------------------
  phi_2            0.1897   (was 0.1897)
  phi_3            1.2478   (was 1.2478)
  lambda_2        10.6722   (was 10.6722)
  R_0             50.4519   (was 50.4519)
  sigma_1_0       -0.7374   (was -0.7374)
  sigma_1_1       -0.0851   (was -0.0851)
  sigma_2_0       -3.6233   (was -3.6233)
  sigma_2_1       -0.0830   (was -0.0830)
  sigma_4_0       -5.7707   (was -5.7707)
  sigma_4_1        0.1327   (was 0.1327)
  kappa_0          0.0587   (was 0.0587)
  kappa_theta     -0.0342   (was -0.0342)
  kappa_ParEd     -0.0070   (was -0.0070)
  kappa_terminal     5.0000   (was 5.0000)

Targeted moments -- 17 moments, 14 parameters (over-identified)
--------------------------------------------------------------------------------------------------------
  moment                     model        data     gap %         t  Q share   source
  mean_c_p                  3.2281      3.1155      3.6%       3.2     0.4%   cons_exhous_real_w99
  mean_h_p                  0.3019      0.3073     -1.8%      -2.5     0.3%   (wh_mom + wh_dad)/2 / 112
  mean_t_p_early            0.4548      0.4544      0.1%       0.1     0.0%   par_time_tot / 112, child ages 1-9
  mean_t_p_late             0.3334      0.3333      0.0%       0.0     0.0%   par_time_tot / 112, child ages 10-17
  mean_e_p_early            0.3432      0.3429      0.1%       0.0     0.0%   m_method2_final_w99, child ages 1-9
  mean_e_p_late             0.3913      0.3911      0.1%       0.0     0.0%   m_method2_final_w99, child ages 10-17
  mean_i_c_early            0.0393      0.0393     -0.1%      -0.0     0.0%   study_hrs / 112 (own study only), child ages 6-9
  mean_i_c_late             0.0496      0.0496      0.0%       0.0     0.0%   study_hrs / 112 (own study only), child ages 10-17
  mean_hc_early             6.0745      6.0737      0.1%       0.2     0.0%   x_gach (log PCA composite), child ages 3-9
  mean_hc_late              6.2543      6.2589     -0.5%      -3.3     0.4%   x_gach (log PCA composite), child ages 12-17
  ---------------------------------------- TAS block ----------------------------------------
  k0_complete               0.0000      0.3226   -100.0%     -28.1    32.9%   y_complete | hf_complete
  kth_ga17_t1_c             0.0000      0.1132   -100.0%      -3.7     0.6%   y_complete | hf_complete, ach_age==17, tert_ga==1
  kth_ga17_t2_c             0.0000      0.2453   -100.0%      -5.9     1.4%   y_complete | hf_complete, ach_age==17, tert_ga==2
  kth_ga17_t3_c             0.0000      0.6286   -100.0%     -13.1     7.2%   y_complete | hf_complete, ach_age==17, tert_ga==3
  kpe_g0_c                  0.0000      0.2108   -100.0%     -16.5    11.3%   y_complete | hf_complete, pared_col==0
  kpe_g1_c                  0.0000      0.6013   -100.0%     -32.6    44.3%   y_complete | hf_complete, pared_col==1
  kterm_x_strict_w99       15.5740     33.1977    -53.1%      -5.4     1.2%   pwx_strict winsorised at p99 (cut = 4,448,695 USD) | ever_strict
  Q                                                                 2405.1814

  Q concentration: top 3 moments carry 88.5% of Q  (kpe_g1_c 44%, k0_complete 33%, kpe_g0_c 11%)

TAS block -- college completion and terminal wealth
----------------------------------------------------------------------------
  college completion      0.0000  vs data 0.3226   (0 of 2000 simulated children)
  ability gradient      T1 0.000  T2 0.000  T3 0.000   (model)
                        T1 0.113  T2 0.245  T3 0.629   (data)
                        T3-T1 model +0.000  vs data +0.515
  parental education    g0 0.000  g1 0.000   (model; 609 of 2000 are BothCollege)
                        g0 0.211  g1 0.601   (data -- EITHER-parent, see ERRORS.md P7c)
  mean transfer          22.0291  (220291 USD)
  retained assets        15.5740  (155740 USD)  vs data 331977 USD
  pre-transfer assets    37.6030  (376030 USD)  -- NOT the target; the target is post-transfer
  LIMITATION: the data is measured at a median child age of ~29, a median 4 years
  after independence; the model's object is assets at the transfer, child age 18.

  c_p           32281 USD/yr  vs data 31155
  h_p            33.8 hrs/wk  vs data 34.4
  t_p  1-9       50.9 hrs/wk  vs data 50.9
  t_p 10-17      37.3 hrs/wk  vs data 37.3
  e_p  1-9       3432 USD/yr  vs data 3429
  e_p 10-17      3913 USD/yr  vs data 3911

  t_p late/early  model 0.73x  vs data 0.73x
  e_p late/early  model 1.14x  vs data 1.14x
  l_p (residual)  model 33.6 hrs/wk  vs 33.1 implied by the h_p/t_p targets
                  (measured leisure is 59.2 hrs/wk -- par_time_tot overlaps it)

Untargeted -- does the fit stay believable?
--------------------------------------------------------------
  after-tax income        4.6224  (46224 USD/yr)
  implied saving rate       31.2%
  terminal assets        37.6030  (376030 USD)
  leisure l_p             0.3004  (33.6 hrs/wk)
  invalid sim cells            0
  assets above a_max=100  max 93.8  (households: 0 ever (0.00%), 0 at t=1, 0 at handoff)
  HC in [50, 1500]      range 297.7 - 551.2  (households: 0 ever above, 0 ever below, 0 above at handoff)
  every simulated state is inside both grids

============================================================================
--report-only: stopping before the search
============================================================================
wrote output/smm_runs/2026-09-10_151548/run_record.toml
wrote output/smm_runs/2026-09-10_151548/run.log
