
============================================================================
SMM: three parent moments
============================================================================
started    2026-08-27 16:18:59
host       haflinger.ceu.edu
machine    112 cores, 503 GB RAM, load average 1.3
workers    20 of 112 cores (18%) -- capped by shared-server budget
budget     400 Sobol points, 5 restarts
grids      search at Na=Nhc=20, fit REPORTED at Na=Nhc=30
writing to output/smm_runs/2026-08-27_161859
7.9s
running on 21 process(es): 1 master + 20 worker(s), 1 BLAS thread each
10.1s
31.4s (all processes at once)

============================================================================
Targets  (Input/smm_targets_baseline.toml)
============================================================================
moment           mean         sd        N   source
mean_c_p       3.1577     1.6993     6742   cons_exhous_real_w99
mean_l_p       0.5286     0.1436     1046   (leis_mom + leis_dad)/2 / 112
mean_e_p       0.3945     0.5747    15360   m_method2_final_w99

SDs are shown but NOT targeted: the model's cross-sectional dispersion comes
from a 5-node wage shock plus initial draws and cannot reach the data's
(leisure SD is 7.4x too small). Targeting them would distort the means.
10.2s

projected runtime
  sobol stage      401 evals / 20 workers  =    3.4 min   (parallel)
  local stage      300 evals, sequential    =   51.2 min   (cannot be parallelised)
  total                                      54.6 min

The local stage dominates because TikTak's restarts are sequential by
construction. More workers shorten the first line only -- to use a wide
machine well, raise --sobol (better seeds), not --restarts.

============================================================================
Incumbent calibration
============================================================================
Q = 20.788732

Parameters
--------------------------------------------------------------
  phi_1_0          1.0000   (was 1.0000)
  phi_2_0          0.5000   (was 0.5000)
  sigma_2_0       -1.8000   (was -1.8000)

Targeted moments
----------------------------------------------------------------------------
  moment          model       data     gap %   source
  mean_c_p       3.0153     3.1577     -4.5%   cons_exhous_real_w99
  mean_l_p       0.4703     0.5286    -11.0%   (leis_mom + leis_dad)/2 / 112
  mean_e_p       2.1884     0.3945    454.8%   m_method2_final_w99

  c_p  30153 USD/yr  vs data 31577
  l_p  52.7 hrs/wk  vs data 59.2
  e_p  21884 USD/yr  vs data 3945

Untargeted -- does the fit stay believable?
--------------------------------------------------------------
  after-tax income        5.2264  (52264 USD/yr)
  implied saving rate       10.7%
  terminal assets        19.0799  (190799 USD)
  work  h_p               0.3525  (39.5 hrs/wk)
  child time t_p          0.1772  (19.9 hrs/wk)

============================================================================
TikTak search
============================================================================
  sobol        1/401     0%   best Q      0.6293     0.2 min elapsed, ~88 min left
  sobol       21/401     5%   best Q      0.4073     0.3 min elapsed, ~6 min left
  sobol       41/401    10%   best Q      0.1052     0.4 min elapsed, ~4 min left
  sobol       61/401    15%   best Q      0.1052     0.5 min elapsed, ~3 min left
  sobol       81/401    20%   best Q      0.1052     0.6 min elapsed, ~2 min left
  sobol      101/401    25%   best Q      0.1052     0.7 min elapsed, ~2 min left
  sobol      119/401    30%   best Q      0.1052     0.7 min elapsed, ~2 min left
  sobol      121/401    30%   best Q      0.1052     0.8 min elapsed, ~2 min left
  sobol      134/401    33%   best Q      0.1052     0.8 min elapsed, ~2 min left
  sobol      140/401    35%   best Q      0.1052     0.9 min elapsed, ~2 min left
  sobol      149/401    37%   best Q      0.1052     0.9 min elapsed, ~2 min left
  sobol      159/401    40%   best Q      0.1052     0.9 min elapsed, ~1 min left
