
============================================================================
SMM: 14 parameters (10 parent + 4 child) against 17 moments (10 parent + 7 TAS)   [QUICK -- smoke test, not an estimate]
============================================================================
started    2026-09-10 15:19:08
host       haflinger.ceu.edu
machine    112 cores, 503 GB RAM, load average 7.3
workers    20 of 112 cores (18%) -- capped by shared-server budget
budget     8 Sobol points, 1 restarts (<= 60 evals each, polish 120)
grids      Na=Nhc=12 for both the search and the report
writing to output/smm_runs/2026-09-10_151908
           (also reachable as output/smm_runs/latest -- tail that, no timestamp needed)
7.8s
running on 21 process(es): 1 master + 20 worker(s), 1 BLAS thread each
10.9s
18.6s (all processes at once)

============================================================================
Targets  (output/smm_runs/2026-09-10_151908/targets.toml)
============================================================================
17 moments, 14 parameters -- OVER-identified, Q cannot reach 0 and weights matter
parameters: phi_2, phi_3, lambda_2, R_0, sigma_1_0, sigma_1_1, sigma_2_0, sigma_2_1, sigma_4_0, sigma_4_1, kappa_0, kappa_theta, kappa_ParEd, kappa_terminal
moment           mean         sd        N   source
mean_c_p       3.1155     1.6993     6742   cons_exhous_real_w99
mean_h_p       0.3073     0.0999    15665   (wh_mom + wh_dad)/2 / 112
mean_t_p_early     0.4544     0.1656      475   par_time_tot / 112, child ages 1-9
mean_t_p_late     0.3333     0.1669      590   par_time_tot / 112, child ages 10-17
mean_e_p_early     0.3429     0.4794     8178   m_method2_final_w99, child ages 1-9
mean_e_p_late     0.3911     0.6638     7182   m_method2_final_w99, child ages 10-17
mean_i_c_early     0.0393     0.0358      171   study_hrs / 112 (own study only), child ages 6-9
mean_i_c_late     0.0496     0.0595      584   study_hrs / 112 (own study only), child ages 10-17
mean_hc_early     6.0737     0.1081      252   x_gach (log PCA composite), child ages 3-9
mean_hc_late     6.2589     0.0302      459   x_gach (log PCA composite), child ages 12-17
k0_complete     0.3226     0.4676     2771   y_complete | hf_complete
kth_ga17_t1_c     0.1132     0.3184      106   y_complete | hf_complete, ach_age==17, tert_ga==1
kth_ga17_t2_c     0.2453     0.4323      106   y_complete | hf_complete, ach_age==17, tert_ga==2
kth_ga17_t3_c     0.6286     0.4855      105   y_complete | hf_complete, ach_age==17, tert_ga==3
kpe_g0_c       0.2108     0.4080     1319   y_complete | hf_complete, pared_col==0
kpe_g1_c       0.6013     0.4899      913   y_complete | hf_complete, pared_col==1
kterm_x_strict_w99    33.1977    73.3467      737   pwx_strict winsorised at p99 (cut = 4,448,695 USD) | ever_strict

SDs are shown but NOT targeted: the model's cross-sectional dispersion comes
from a 5-node wage shock plus initial draws and cannot reach the data's
(leisure SD is 7.4x too small). Targeting them would distort the means.

settings written to output/smm_runs/2026-09-10_151908/run_record.toml  (status = started)
14.8s

projected runtime
  sobol stage        9 evals / 20 workers  =    0.1 min   (parallel)
  local stage      165 evals, sequential    =   40.7 min   (cannot be parallelised)
  total                                      40.8 min

The local stage dominates because TikTak's restarts are sequential by
construction. More workers shorten the first line only -- to use a wide
machine well, raise --sobol (better seeds), not --restarts.

============================================================================
Incumbent calibration
============================================================================
Q = 2429.117332

Parameters
--------------------------------------------------------------
  phi_2            0.1897   (was 0.1897)
  phi_3            1.2478   (was 1.2478)
  lambda_2        10.6722   (was 10.6722)
  R_0             50.4519   (was 50.4519)
  sigma_1_0       -0.7374   (was -0.7374)
  sigma_1_1       -0.0851   (was -0.0851)
  sigma_2_0       -3.6233   (was -3.6233)
  sigma_2_1       -0.0830   (was -0.0830)
  sigma_4_0       -5.7707   (was -5.7707)
  sigma_4_1        0.1327   (was 0.1327)
  kappa_0          0.0587   (was 0.0587)
  kappa_theta     -0.0342   (was -0.0342)
  kappa_ParEd     -0.0070   (was -0.0070)
  kappa_terminal     5.0000   (was 5.0000)

Targeted moments -- 17 moments, 14 parameters (over-identified)
--------------------------------------------------------------------------------------------------------
  moment                     model        data     gap %         t  Q share   source
  mean_c_p                  3.2865      3.1155      5.5%       4.8     1.0%   cons_exhous_real_w99
  mean_h_p                  0.2975      0.3073     -3.2%      -4.6     0.9%   (wh_mom + wh_dad)/2 / 112
  mean_t_p_early            0.4578      0.4544      0.7%       0.5     0.0%   par_time_tot / 112, child ages 1-9
  mean_t_p_late             0.3361      0.3333      0.8%       0.4     0.0%   par_time_tot / 112, child ages 10-17
  mean_e_p_early            0.3494      0.3429      1.9%       0.5     0.0%   m_method2_final_w99, child ages 1-9
  mean_e_p_late             0.4087      0.3911      4.5%       1.1     0.1%   m_method2_final_w99, child ages 10-17
  mean_i_c_early            0.0388      0.0393     -1.2%      -0.2     0.0%   study_hrs / 112 (own study only), child ages 6-9
  mean_i_c_late             0.0497      0.0496      0.1%       0.0     0.0%   study_hrs / 112 (own study only), child ages 10-17
  mean_hc_early             6.0792      6.0737      0.6%       1.5     0.1%   x_gach (log PCA composite), child ages 3-9
  mean_hc_late              6.2567      6.2589     -0.2%      -1.6     0.1%   x_gach (log PCA composite), child ages 12-17
  ---------------------------------------- TAS block ----------------------------------------
  k0_complete               0.0000      0.3226   -100.0%     -28.1    32.6%   y_complete | hf_complete
  kth_ga17_t1_c             0.0000      0.1132   -100.0%      -3.7     0.6%   y_complete | hf_complete, ach_age==17, tert_ga==1
  kth_ga17_t2_c             0.0000      0.2453   -100.0%      -5.9     1.4%   y_complete | hf_complete, ach_age==17, tert_ga==2
  kth_ga17_t3_c             0.0000      0.6286   -100.0%     -13.1     7.1%   y_complete | hf_complete, ach_age==17, tert_ga==3
  kpe_g0_c                  0.0000      0.2108   -100.0%     -16.5    11.2%   y_complete | hf_complete, pared_col==0
  kpe_g1_c                  0.0000      0.6013   -100.0%     -32.6    43.8%   y_complete | hf_complete, pared_col==1
  kterm_x_strict_w99       15.4533     33.1977    -53.5%      -5.5     1.2%   pwx_strict winsorised at p99 (cut = 4,448,695 USD) | ever_strict
  Q                                                                 2429.1173

  Q concentration: top 3 moments carry 87.6% of Q  (kpe_g1_c 44%, k0_complete 33%, kpe_g0_c 11%)

TAS block -- college completion and terminal wealth
----------------------------------------------------------------------------
  college completion      0.0000  vs data 0.3226   (0 of 300 simulated children)
  ability gradient      T1 0.000  T2 0.000  T3 0.000   (model)
                        T1 0.113  T2 0.245  T3 0.629   (data)
                        T3-T1 model +0.000  vs data +0.515
  parental education    g0 0.000  g1 0.000   (model; 94 of 300 are BothCollege)
                        g0 0.211  g1 0.601   (data -- EITHER-parent, see ERRORS.md P7c)
  mean transfer          20.9729  (209729 USD)
  retained assets        15.4533  (154533 USD)  vs data 331977 USD
  pre-transfer assets    36.4263  (364263 USD)  -- NOT the target; the target is post-transfer
  LIMITATION: the data is measured at a median child age of ~29, a median 4 years
  after independence; the model's object is assets at the transfer, child age 18.

  c_p           32865 USD/yr  vs data 31155
  h_p            33.3 hrs/wk  vs data 34.4
  t_p  1-9       51.3 hrs/wk  vs data 50.9
  t_p 10-17      37.6 hrs/wk  vs data 37.3
  e_p  1-9       3494 USD/yr  vs data 3429
  e_p 10-17      4087 USD/yr  vs data 3911

  t_p late/early  model 0.73x  vs data 0.73x
  e_p late/early  model 1.17x  vs data 1.14x
  l_p (residual)  model 33.8 hrs/wk  vs 33.1 implied by the h_p/t_p targets
                  (measured leisure is 59.2 hrs/wk -- par_time_tot overlaps it)

Untargeted -- does the fit stay believable?
--------------------------------------------------------------
  after-tax income        4.6334  (46334 USD/yr)
  implied saving rate       30.0%
  terminal assets        36.4263  (364263 USD)
  leisure l_p             0.3020  (33.8 hrs/wk)
  invalid sim cells            0
  assets above a_max=100  max 87.7  (households: 0 ever (0.00%), 0 at t=1, 0 at handoff)
  HC in [50, 1500]      range 330.3 - 547.4  (households: 0 ever above, 0 ever below, 0 above at handoff)
  every simulated state is inside both grids

============================================================================
TikTak search
============================================================================
  sobol        1/9      11%   best Q   5.484e+07     0.3 min elapsed, ~2 min left
  sobol        9/9     100%   best Q        2429     0.3 min elapsed, ~0 min left
  sobol    complete: 9 evaluations, best Q 2429, 0.3 min
  restart   1/1    eval     1   this Q        2429   best Q        2429     0.4 min
  restart   1/1    eval     2   this Q        2429   best Q        2429     0.4 min
  restart   1/1    eval     4   this Q   1.198e+04   best Q        2429     0.5 min
  restart   1/1    eval     6   this Q   4.528e+05   best Q        2429     0.5 min
  restart   1/1    eval     8   this Q   1.421e+04   best Q        2429     0.6 min
  restart   1/1    eval    10   this Q        5144   best Q        2429     0.6 min
  restart   1/1    eval    12   this Q        2454   best Q        2429     0.7 min
  restart   1/1    eval    14   this Q        2429   best Q        2429     0.8 min
  restart   1/1    eval    16   this Q        2979   best Q        2429     0.8 min
  restart   1/1    eval    18   this Q   1.125e+05   best Q        2429     0.9 min
  restart   1/1    eval    20   this Q   3.028e+04   best Q        2429     0.9 min
  restart   1/1    eval    22   this Q   2.601e+04   best Q        2429     1.0 min
  restart   1/1    eval    24   this Q   5.104e+04   best Q        2429     1.1 min
  restart   1/1    eval    26   this Q        6733   best Q        2429     1.1 min
  restart   1/1    eval    28   this Q   1.535e+04   best Q        2429     1.2 min
  restart   1/1    eval    30   this Q   1.448e+04   best Q        2429     1.2 min
  restart   1/1    eval    31   this Q        5270   best Q        2429     1.3 min
  restart   1/1    eval    33   this Q        5155   best Q        2429     1.3 min
  restart   1/1    eval    35   this Q        3674   best Q        2429     1.4 min
  restart   1/1    eval    37   this Q        4950   best Q        2429     1.4 min
  restart   1/1    eval    39   this Q        3643   best Q        2429     1.5 min
  restart   1/1    eval    41   this Q   1.454e+04   best Q        2429     1.5 min
  restart   1/1    eval    43   this Q        4904   best Q        2429     1.6 min
  restart   1/1    eval    45   this Q        5615   best Q        2429     1.7 min
  restart   1/1    eval    47   this Q        3016   best Q        2429     1.7 min
  restart   1/1    eval    49   this Q        6353   best Q        2429     1.8 min
  restart   1/1    eval    51   this Q        5623   best Q        2429     1.8 min
  restart   1/1    eval    53   this Q        5136   best Q        2429     1.9 min
  restart   1/1    eval    55   this Q        5385   best Q        2429     2.0 min
  restart   1/1    eval    57   this Q        4675   best Q        2429     2.0 min
  restart   1/1    eval    59   this Q        3351   best Q        2429     2.1 min
  restart   1/1    eval    61   this Q        2651   best Q        2429     2.1 min
  restart   1/1   DONE   this        2429   best Q        2429     2.1 min, ~0 min left
  restart   1/1    eval     1   this Q        2429   best Q        2429     2.2 min
  restart   1/1    eval     3   this Q   1.198e+04   best Q        2429     2.2 min
  restart   1/1    eval     5   this Q   4.559e+05   best Q        2429     2.3 min
  restart   1/1    eval     7   this Q   1.421e+04   best Q        2429     2.3 min
  restart   1/1    eval     9   this Q        5144   best Q        2429     2.4 min
  restart   1/1    eval    11   this Q        2454   best Q        2429     2.5 min
  restart   1/1    eval    13   this Q        2429   best Q        2429     2.5 min
  restart   1/1    eval    15   this Q        2979   best Q        2429     2.6 min
  restart   1/1    eval    17   this Q   1.576e+04   best Q        2429     2.6 min
  restart   1/1    eval    19   this Q   4.537e+05   best Q        2429     2.7 min
  restart   1/1    eval    20   this Q        6477   best Q        2429     2.7 min
  restart   1/1    eval    22   this Q        3199   best Q        2429     2.8 min
  restart   1/1    eval    24   this Q        4058   best Q        2429     2.8 min
  restart   1/1    eval    26   this Q        2429   best Q        2429     2.9 min
  restart   1/1    eval    28   this Q        2429   best Q        2429     3.0 min
  restart   1/1    eval    30   this Q        9162   best Q        2429     3.0 min
  restart   1/1    eval    32   this Q        3073   best Q        2429     3.1 min
  restart   1/1    eval    34   this Q        2458   best Q        2429     3.1 min
  restart   1/1    eval    36   this Q        2422   best Q        2422     3.2 min
  restart   1/1    eval    38   this Q        2428   best Q        2421     3.2 min
  restart   1/1    eval    40   this Q        2423   best Q        2421     3.3 min
  restart   1/1    eval    42   this Q        2421   best Q        2421     3.4 min
  restart   1/1    eval    44   this Q        2421   best Q        2421     3.4 min
  restart   1/1    eval    46   this Q        2423   best Q        2421     3.5 min
  restart   1/1    eval    48   this Q        2419   best Q        2419     3.5 min
  restart   1/1    eval    50   this Q        2411   best Q        2411     3.6 min
  restart   1/1    eval    52   this Q        2412   best Q        2411     3.7 min
  restart   1/1    eval    54   this Q        2411   best Q        2411     3.7 min
  restart   1/1    eval    56   this Q        2409   best Q        2409     3.8 min
  restart   1/1    eval    58   this Q        2406   best Q        2406     3.8 min
  restart   1/1    eval    60   this Q        2405   best Q        2405     3.9 min
  restart   1/1    eval    62   this Q        2404   best Q        2404     4.0 min
  restart   1/1    eval    64   this Q        2404   best Q        2404     4.0 min
  restart   1/1    eval    66   this Q        2404   best Q        2404     4.1 min
  restart   1/1    eval    68   this Q        2404   best Q        2404     4.1 min
  restart   1/1    eval    70   this Q        2403   best Q        2403     4.2 min
  restart   1/1    eval    72   this Q        2402   best Q        2402     4.2 min
  restart   1/1    eval    74   this Q        2403   best Q        2402     4.3 min
  restart   1/1    eval    76   this Q        2401   best Q        2401     4.4 min
  restart   1/1    eval    78   this Q        2400   best Q        2400     4.4 min
  restart   1/1    eval    80   this Q        2397   best Q        2397     4.5 min
  restart   1/1    eval    82   this Q        2397   best Q        2397     4.5 min
  restart   1/1    eval    84   this Q        2394   best Q        2394     4.6 min
  restart   1/1    eval    86   this Q        2390   best Q        2390     4.6 min
  restart   1/1    eval    88   this Q        2389   best Q        2389     4.7 min
  restart   1/1    eval    90   this Q        2388   best Q        2387     4.8 min
  restart   1/1    eval    92   this Q        2386   best Q        2386     4.8 min
  restart   1/1    eval    94   this Q        2385   best Q        2385     4.9 min
  restart   1/1    eval    96   this Q        2385   best Q        2385     4.9 min
  restart   1/1    eval    98   this Q        2432   best Q        2385     5.0 min
  restart   1/1    eval   100   this Q        2387   best Q        2385     5.1 min
  restart   1/1    eval   102   this Q        2384   best Q        2384     5.1 min
  restart   1/1    eval   104   this Q        2382   best Q        2382     5.2 min
  restart   1/1    eval   106   this Q        2381   best Q        2381     5.2 min
  restart   1/1    eval   108   this Q        2380   best Q        2380     5.3 min
  restart   1/1    eval   110   this Q        2379   best Q        2379     5.3 min
  restart   1/1    eval   112   this Q        2377   best Q        2377     5.4 min
  restart   1/1    eval   114   this Q        2376   best Q        2376     5.4 min
  restart   1/1    eval   116   this Q        2376   best Q        2376     5.5 min
  restart   1/1    eval   118   this Q        2393   best Q        2376     5.6 min
  restart   1/1    eval   120   this Q        2377   best Q        2376     5.6 min

============================================================================
Finished in 5.6 min -- 190 evaluations
============================================================================
Q: sobol-best 2429.12  ->  pre-polish 2429.1  ->  final 2375.58
incumbent Q was 2429.12  (improvement 2.2%)

how the local searches ended
  MAXEVAL_REACHED            1   (limit)
                             0 converged / 1 hit a budget / 0 other
polish: ret MAXEVAL_REACHED (limit), 120 evaluations, improved the incumbent

!! 1 of 1 restarts stopped on a BUDGET, not a convergence test.
   Raise --local-evals, or read the trace before quoting this as a minimum.

search ran at the full grid -- no refinement stage needed

no penalised evaluations -- every draw in the box solved

============================================================================
Estimated calibration
============================================================================

Parameters
--------------------------------------------------------------
  phi_2            0.1834   (was 0.1897)
  phi_3            1.2394   (was 1.2478)
  lambda_2        11.0360   (was 10.6722)
  R_0             50.4041   (was 50.4519)
  sigma_1_0       -0.7369   (was -0.7374)
  sigma_1_1       -0.0865   (was -0.0851)
  sigma_2_0       -3.6011   (was -3.6233)
  sigma_2_1       -0.0913   (was -0.0830)
  sigma_4_0       -5.7618   (was -5.7707)
  sigma_4_1        0.1328   (was 0.1327)
  kappa_0          1.8657   (was 0.0587)
  kappa_theta     -0.0087   (was -0.0342)
  kappa_ParEd     -0.0018   (was -0.0070)
  kappa_terminal     6.9963   (was 5.0000)

Targeted moments -- 17 moments, 14 parameters (over-identified)
--------------------------------------------------------------------------------------------------------
  moment                     model        data     gap %         t  Q share   source
  mean_c_p                  3.2378      3.1155      3.9%       3.4     0.5%   cons_exhous_real_w99
  mean_h_p                  0.3074      0.3073      0.0%       0.0     0.0%   (wh_mom + wh_dad)/2 / 112
  mean_t_p_early            0.4536      0.4544     -0.2%      -0.1     0.0%   par_time_tot / 112, child ages 1-9
  mean_t_p_late             0.3354      0.3333      0.6%       0.3     0.0%   par_time_tot / 112, child ages 10-17
  mean_e_p_early            0.3402      0.3429     -0.8%      -0.2     0.0%   m_method2_final_w99, child ages 1-9
  mean_e_p_late             0.3795      0.3911     -3.0%      -0.8     0.0%   m_method2_final_w99, child ages 10-17
  mean_i_c_early            0.0399      0.0393      1.7%       0.2     0.0%   study_hrs / 112 (own study only), child ages 6-9
  mean_i_c_late             0.0513      0.0496      3.5%       0.7     0.0%   study_hrs / 112 (own study only), child ages 10-17
  mean_hc_early             6.0721      6.0737     -0.2%      -0.4     0.0%   x_gach (log PCA composite), child ages 3-9
  mean_hc_late              6.2591      6.2589      0.0%       0.2     0.0%   x_gach (log PCA composite), child ages 12-17
  ---------------------------------------- TAS block ----------------------------------------
  k0_complete               0.0000      0.3226   -100.0%     -28.1    33.3%   y_complete | hf_complete
  kth_ga17_t1_c             0.0000      0.1132   -100.0%      -3.7     0.6%   y_complete | hf_complete, ach_age==17, tert_ga==1
  kth_ga17_t2_c             0.0000      0.2453   -100.0%      -5.9     1.5%   y_complete | hf_complete, ach_age==17, tert_ga==2
  kth_ga17_t3_c             0.0000      0.6286   -100.0%     -13.1     7.2%   y_complete | hf_complete, ach_age==17, tert_ga==3
  kpe_g0_c                  0.0000      0.2108   -100.0%     -16.5    11.4%   y_complete | hf_complete, pared_col==0
  kpe_g1_c                  0.0000      0.6013   -100.0%     -32.6    44.8%   y_complete | hf_complete, pared_col==1
  kterm_x_strict_w99       21.1827     33.1977    -36.2%      -3.7     0.6%   pwx_strict winsorised at p99 (cut = 4,448,695 USD) | ever_strict
  Q                                                                 2375.5809

  Q concentration: top 3 moments carry 89.6% of Q  (kpe_g1_c 45%, k0_complete 33%, kpe_g0_c 11%)

TAS block -- college completion and terminal wealth
----------------------------------------------------------------------------
  college completion      0.0000  vs data 0.3226   (0 of 300 simulated children)
  ability gradient      T1 0.000  T2 0.000  T3 0.000   (model)
                        T1 0.113  T2 0.245  T3 0.629   (data)
                        T3-T1 model +0.000  vs data +0.515
  parental education    g0 0.000  g1 0.000   (model; 94 of 300 are BothCollege)
                        g0 0.211  g1 0.601   (data -- EITHER-parent, see ERRORS.md P7c)
  mean transfer          19.4248  (194248 USD)
  retained assets        21.1827  (211827 USD)  vs data 331977 USD
  pre-transfer assets    40.6075  (406075 USD)  -- NOT the target; the target is post-transfer
  LIMITATION: the data is measured at a median child age of ~29, a median 4 years
  after independence; the model's object is assets at the transfer, child age 18.

  c_p           32378 USD/yr  vs data 31155
  h_p            34.4 hrs/wk  vs data 34.4
  t_p  1-9       50.8 hrs/wk  vs data 50.9
  t_p 10-17      37.6 hrs/wk  vs data 37.3
  e_p  1-9       3402 USD/yr  vs data 3429
  e_p 10-17      3795 USD/yr  vs data 3911

  t_p late/early  model 0.74x  vs data 0.73x
  e_p late/early  model 1.12x  vs data 1.14x
  l_p (residual)  model 33.0 hrs/wk  vs 33.1 implied by the h_p/t_p targets
                  (measured leisure is 59.2 hrs/wk -- par_time_tot overlaps it)

Untargeted -- does the fit stay believable?
--------------------------------------------------------------
  after-tax income        4.7578  (47578 USD/yr)
  implied saving rate       32.9%
  terminal assets        40.6075  (406075 USD)
  leisure l_p             0.2947  (33.0 hrs/wk)
  invalid sim cells            0
  assets above a_max=100  max 91.8  (households: 0 ever (0.00%), 0 at t=1, 0 at handoff)
  HC in [50, 1500]      range 330.3 - 548.8  (households: 0 ever above, 0 ever below, 0 above at handoff)
  every simulated state is inside both grids

!! PARAMETERS NEAR A SEARCH BOUND -- boundary review required:
  kappa_theta =    -0.0087  near its UPPER bound [-10.000, 0.000]  (99.9% into the box)
  kappa_ParEd =    -0.0018  near its UPPER bound [-3.000, 0.000]  (99.9% into the box)
This proximity flag is separate from the optimizer stopping status. Check a
boundary profile and numerical sensitivity before promoting the result; proximity
alone does not prove that the box is too narrow or the target is unattainable.

acceptance -- about the RETAINED WINNER, not about the other restarts
  winner came from        polish
  its own return code     MAXEVAL_REACHED  (limit)  NO
  refinement              skipped (ret NOT_RUN, 0 evals)  yes
  no objective exceptions yes  (0)
  final sim in domain     yes  (0 invalid cells)
  no parameter on a bound NO   (kappa_theta, kappa_ParEd)
  objective finite        yes  (Q = 2375.58)
  (for context: 0 of 1 restarts converged, 1 hit a budget, 0 other)
  NOT ACCEPTED -- do not quote this point. Fix the failing condition above first;
  a finite Q is not a certification, and neither is another restart's convergence.

wrote output/smm_runs/2026-09-10_151908/run_record.toml
wrote output/smm_runs/2026-09-10_151908/restarts.csv
wrote output/smm_runs/2026-09-10_151908/estimates.toml
wrote output/smm_runs/2026-09-10_151908/run.log
