
============================================================================
SMM: parent-block moments
============================================================================
started    2026-09-10 23:47:27
host       MacBook-Air-2.local
machine    4 cores, 8 GB RAM, load average 2.5
workers    3 of 4 cores (75%) -- capped by cores
budget     1000 Sobol points, 100 restarts (<= 2000 evals each, polish 4000)
grids      Na=Nhc=30 for both the search and the report
writing to output/smm_runs/2026-09-10_234727
           (also reachable as output/smm_runs/latest -- tail that, no timestamp needed)
2.8s
running on 4 process(es): 1 master + 3 worker(s), 1 BLAS thread each
7.6s
23.3s (all processes at once)

============================================================================
Targets  (output/smm_runs/2026-09-10_234727/targets.toml)
============================================================================
10 moments, 10 parameters -- just-identified, Q can reach 0
parameters: phi_2, phi_3, lambda_2, R_0, sigma_1_0, sigma_1_1, sigma_2_0, sigma_2_1, sigma_4_0, sigma_4_1
moment           mean         sd        N   source
mean_c_p       3.1155     1.6993     6742   cons_exhous_real_w99
mean_h_p       0.3073     0.0999    15665   (wh_mom + wh_dad)/2 / 112
mean_t_p_early     0.4544     0.1656      475   par_time_tot / 112, child ages 1-9
mean_t_p_late     0.3333     0.1669      590   par_time_tot / 112, child ages 10-17
mean_e_p_early     0.3429     0.4794     8178   m_method2_final_w99, child ages 1-9
mean_e_p_late     0.3911     0.6638     7182   m_method2_final_w99, child ages 10-17
mean_i_c_early     0.0393     0.0358      171   study_hrs / 112 (own study only), child ages 6-9
mean_i_c_late     0.0496     0.0595      584   study_hrs / 112 (own study only), child ages 10-17
mean_hc_early     6.0737     0.1081      252   x_gach (log PCA composite), child ages 3-9
mean_hc_late     6.2589     0.0302      459   x_gach (log PCA composite), child ages 12-17

SDs are shown but NOT targeted: the model's cross-sectional dispersion comes
from a 5-node wage shock plus initial draws and cannot reach the data's
(leisure SD is 7.4x too small). Targeting them would distort the means.

settings written to output/smm_runs/2026-09-10_234727/run_record.toml  (status = started)
8.4s

projected runtime
  sobol stage     1001 evals /  3 workers  =   46.6 min   (parallel)
  local stage    16500 evals, sequential    = 2305.2 min   (cannot be parallelised)
  total                                    2351.8 min

The local stage dominates because TikTak's restarts are sequential by
construction. More workers shorten the first line only -- to use a wide
machine well, raise --sobol (better seeds), not --restarts.

============================================================================
Incumbent calibration
============================================================================
Q = 0.001639

Parameters
--------------------------------------------------------------
  phi_2            0.1897   (was 0.1897)
  phi_3            1.2478   (was 1.2478)
  lambda_2        10.6722   (was 10.6722)
  R_0             50.4519   (was 50.4519)
  sigma_1_0       -0.7374   (was -0.7374)
  sigma_1_1       -0.0851   (was -0.0851)
  sigma_2_0       -3.6233   (was -3.6233)
  sigma_2_1       -0.0830   (was -0.0830)
  sigma_4_0       -5.7707   (was -5.7707)
  sigma_4_1        0.1327   (was 0.1327)

Targeted moments
----------------------------------------------------------------------------
  moment          model       data     gap %   source
  mean_c_p       3.2281     3.1155      3.6%   cons_exhous_real_w99
  mean_h_p       0.3019     0.3073     -1.8%   (wh_mom + wh_dad)/2 / 112
  mean_t_p_early     0.4548     0.4544      0.1%   par_time_tot / 112, child ages 1-9
  mean_t_p_late     0.3334     0.3333      0.0%   par_time_tot / 112, child ages 10-17
  mean_e_p_early     0.3432     0.3429      0.1%   m_method2_final_w99, child ages 1-9
  mean_e_p_late     0.3913     0.3911      0.1%   m_method2_final_w99, child ages 10-17
  mean_i_c_early     0.0393     0.0393     -0.1%   study_hrs / 112 (own study only), child ages 6-9
  mean_i_c_late     0.0496     0.0496      0.0%   study_hrs / 112 (own study only), child ages 10-17
  mean_hc_early     6.0745     6.0737      0.1%   x_gach (log PCA composite), child ages 3-9
  mean_hc_late     6.2543     6.2589     -0.5%   x_gach (log PCA composite), child ages 12-17
  Q                                  0.0016    (gap % is in LEVELS for log moments)

  c_p           32281 USD/yr  vs data 31155
  h_p            33.8 hrs/wk  vs data 34.4
  t_p  1-9       50.9 hrs/wk  vs data 50.9
  t_p 10-17      37.3 hrs/wk  vs data 37.3
  e_p  1-9       3432 USD/yr  vs data 3429
  e_p 10-17      3913 USD/yr  vs data 3911

  t_p late/early  model 0.73x  vs data 0.73x
  e_p late/early  model 1.14x  vs data 1.14x
  l_p (residual)  model 33.6 hrs/wk  vs 33.1 implied by the h_p/t_p targets
                  (measured leisure is 59.2 hrs/wk -- par_time_tot overlaps it)

Untargeted -- does the fit stay believable?
--------------------------------------------------------------
  after-tax income        4.6224  (46224 USD/yr)
  implied saving rate       31.2%
  terminal assets        37.6030  (376030 USD)
  leisure l_p             0.3004  (33.6 hrs/wk)
  invalid sim cells            0
  assets above a_max=100  max 93.8  (households: 0 ever (0.00%), 0 at t=1, 0 at handoff)
  HC in [50, 1500]      range 297.7 - 551.2  (households: 0 ever above, 0 ever below, 0 above at handoff)
  every simulated state is inside both grids

============================================================================
--report-only: stopping before the search
============================================================================
wrote output/smm_runs/2026-09-10_234727/run_record.toml
wrote output/smm_runs/2026-09-10_234727/run.log
